receivers:
  hostmetrics:
    scrapers:
      cpu:
exporters:
  otlp:
    endpoint: "https://ingest.signalfx.com:443"
    headers:
      "X-SF-Token": TOKEN
    sending_queue:
      num_consumers: 32
  signalfx:
    access_token: TOKEN
    realm: REALM
    sending_queue:
      num_consumers: 32
service:
  pipelines:
    metrics:
      receivers:
        - hostmetrics
      exporters:
        - otlp
        - signalfx
    traces/signalfx:
      receivers:
        - otlp
      exporters:
        - signalfx
  telemetry:
    resource:
      resattr1: val1
      resattr2: val2
    logs:
      level: debug
