resourceMetrics:
  - resource: {}
    scopeMetrics:
      - metrics:
          - gauge:
              dataPoints:
                - asInt: "3801088"
                  attributes:
                    - key: dsname
                      value:
                        stringValue: value
                    - key: host
                      value:
                        stringValue: docker-desktop
                    - key: hostHasService
                      value:
                        stringValue: activemq
                    - key: plugin
                      value:
                        stringValue: GenericJMX
                    - key: plugin_instance
                      value:
                        stringValue: memory_pool-Compressed Class Space
                    - key: system.type
                      value:
                        stringValue: activemq
                  timeUnixNano: "1000000"
            name: jmx_memory.committed
          - gauge:
              dataPoints:
                - asInt: "12189696"
                  attributes:
                    - key: dsname
                      value:
                        stringValue: value
                    - key: host
                      value:
                        stringValue: docker-desktop
                    - key: hostHasService
                      value:
                        stringValue: activemq
                    - key: plugin
                      value:
                        stringValue: GenericJMX
                    - key: plugin_instance
                      value:
                        stringValue: memory_pool-Code Cache
                    - key: system.type
                      value:
                        stringValue: activemq
                  timeUnixNano: "1000000"
            name: jmx_memory.committed
          - gauge:
              dataPoints:
                - asInt: "7864320"
                  attributes:
                    - key: dsname
                      value:
                        stringValue: value
                    - key: host
                      value:
                        stringValue: docker-desktop
                    - key: hostHasService
                      value:
                        stringValue: activemq
                    - key: plugin
                      value:
                        stringValue: GenericJMX
                    - key: plugin_instance
                      value:
                        stringValue: memory_pool-PS Survivor Space
                    - key: system.type
                      value:
                        stringValue: activemq
                  timeUnixNano: "1000000"
            name: jmx_memory.committed
        scope: {}
