resourceMetrics:
  - resource: {}
    scopeMetrics:
      - metrics:
          - name: counter.solr.http_2xx_responses
            sum:
              aggregationTemporality: 2
              dataPoints:
                - asInt: "38"
                  attributes:
                    - key: cluster
                      value:
                        stringValue: default
                    - key: collection
                      value:
                        stringValue: techproducts
                    - key: core
                      value:
                        stringValue: techproducts_shard1_replica_n1
                    - key: dsname
                      value:
                        stringValue: value
                    - key: leader
                      value:
                        stringValue: "true"
                    - key: node
                      value:
                        stringValue: localhost:8983_solr
                    - key: plugin
                      value:
                        stringValue: solr
                    - key: plugin_instance
                      value:
                        stringValue: localhost:8983
                    - key: shard
                      value:
                        stringValue: shard1
                    - key: system.type
                      value:
                        stringValue: solr
                  timeUnixNano: "1000000"
              isMonotonic: true
        scope: {}
