resourceMetrics:
  - resource: {}
    scopeMetrics:
      - metrics:
          - gauge:
              dataPoints:
                - asInt: "94478336"
                  attributes:
                    - key: state
                      value:
                        stringValue: buffered
                  timeUnixNano: "1000000"
                - asInt: "544366592"
                  attributes:
                    - key: state
                      value:
                        stringValue: cached
                  timeUnixNano: "1000000"
                - asInt: "11218534400"
                  attributes:
                    - key: state
                      value:
                        stringValue: free
                  timeUnixNano: "1000000"
                - asInt: "30474240"
                  attributes:
                    - key: state
                      value:
                        stringValue: slab_reclaimable
                  timeUnixNano: "1000000"
                - asInt: "49553408"
                  attributes:
                    - key: state
                      value:
                        stringValue: slab_unreclaimable
                  timeUnixNano: "1000000"
                - asInt: "676077568"
                  attributes:
                    - key: state
                      value:
                        stringValue: used
                  timeUnixNano: "1000000"
            name: system.memory.usage
          - gauge:
              dataPoints:
                - asInt: "12533456896"
                  timeUnixNano: "1000000"
            name: memory.total
          - gauge:
              dataPoints:
                - asDouble: 5.394182735138039
                  timeUnixNano: "1000000"
            name: memory.utilization
        scope: {}
