component_0:
  logs_path: /var/**/*.log
  log_format: json

component_1:
  bool_field: true

component_2:
  int_field: 42
  map:
    str_field: a_string
    bool_field: true

component_3:
  scalar_data: 42
  yaml_data:
    field: value
    map:
      k0: 42
      k1: v1

