resourceMetrics:
  - resource: {}
    scopeMetrics:
      - metrics:
          - gauge:
              dataPoints:
                - asInt: "12533592064"
                  attributes:
                    - key: cluster
                      value:
                        stringValue: default
                    - key: dsname
                      value:
                        stringValue: value
                    - key: hostHasService
                      value:
                        stringValue: couchbase
                    - key: plugin
                      value:
                        stringValue: couchbase
                    - key: system.type
                      value:
                        stringValue: couchbase
                  timeUnixNano: "1000000"
            name: gauge.storage.ram.total
          - gauge:
              dataPoints:
                - asInt: "268435456"
                  attributes:
                    - key: cluster
                      value:
                        stringValue: default
                    - key: dsname
                      value:
                        stringValue: value
                    - key: hostHasService
                      value:
                        stringValue: couchbase
                    - key: plugin
                      value:
                        stringValue: couchbase
                    - key: system.type
                      value:
                        stringValue: couchbase
                  timeUnixNano: "1000000"
            name: gauge.storage.ram.quotaTotal
          - gauge:
              dataPoints:
                - asInt: "0"
                  attributes:
                    - key: cluster
                      value:
                        stringValue: default
                    - key: dsname
                      value:
                        stringValue: value
                    - key: hostHasService
                      value:
                        stringValue: couchbase
                    - key: plugin
                      value:
                        stringValue: couchbase
                    - key: system.type
                      value:
                        stringValue: couchbase
                  timeUnixNano: "1000000"
            name: gauge.storage.ram.quotaUsed
          - gauge:
              dataPoints:
                - asInt: "3987234816"
                  attributes:
                    - key: cluster
                      value:
                        stringValue: default
                    - key: dsname
                      value:
                        stringValue: value
                    - key: hostHasService
                      value:
                        stringValue: couchbase
                    - key: plugin
                      value:
                        stringValue: couchbase
                    - key: system.type
                      value:
                        stringValue: couchbase
                  timeUnixNano: "1000000"
            name: gauge.storage.ram.used
          - gauge:
              dataPoints:
                - asInt: "0"
                  attributes:
                    - key: cluster
                      value:
                        stringValue: default
                    - key: dsname
                      value:
                        stringValue: value
                    - key: hostHasService
                      value:
                        stringValue: couchbase
                    - key: plugin
                      value:
                        stringValue: couchbase
                    - key: system.type
                      value:
                        stringValue: couchbase
                  timeUnixNano: "1000000"
            name: gauge.storage.ram.usedByData
          - gauge:
              dataPoints:
                - asInt: "0"
                  attributes:
                    - key: cluster
                      value:
                        stringValue: default
                    - key: dsname
                      value:
                        stringValue: value
                    - key: hostHasService
                      value:
                        stringValue: couchbase
                    - key: plugin
                      value:
                        stringValue: couchbase
                    - key: system.type
                      value:
                        stringValue: couchbase
                  timeUnixNano: "1000000"
            name: gauge.storage.ram.quotaUsedPerNode
          - gauge:
              dataPoints:
                - asInt: "268435456"
                  attributes:
                    - key: cluster
                      value:
                        stringValue: default
                    - key: dsname
                      value:
                        stringValue: value
                    - key: hostHasService
                      value:
                        stringValue: couchbase
                    - key: plugin
                      value:
                        stringValue: couchbase
                    - key: system.type
                      value:
                        stringValue: couchbase
                  timeUnixNano: "1000000"
            name: gauge.storage.ram.quotaTotalPerNode
          - gauge:
              dataPoints:
                - asInt: "149281173504"
                  attributes:
                    - key: cluster
                      value:
                        stringValue: default
                    - key: dsname
                      value:
                        stringValue: value
                    - key: hostHasService
                      value:
                        stringValue: couchbase
                    - key: plugin
                      value:
                        stringValue: couchbase
                    - key: system.type
                      value:
                        stringValue: couchbase
                  timeUnixNano: "1000000"
            name: gauge.storage.hdd.total
          - gauge:
              dataPoints:
                - asInt: "149281173504"
                  attributes:
                    - key: cluster
                      value:
                        stringValue: default
                    - key: dsname
                      value:
                        stringValue: value
                    - key: hostHasService
                      value:
                        stringValue: couchbase
                    - key: plugin
                      value:
                        stringValue: couchbase
                    - key: system.type
                      value:
                        stringValue: couchbase
                  timeUnixNano: "1000000"
            name: gauge.storage.hdd.quotaTotal
          - gauge:
              dataPoints:
                - asInt: "114946503598"
                  attributes:
                    - key: cluster
                      value:
                        stringValue: default
                    - key: dsname
                      value:
                        stringValue: value
                    - key: hostHasService
                      value:
                        stringValue: couchbase
                    - key: plugin
                      value:
                        stringValue: couchbase
                    - key: system.type
                      value:
                        stringValue: couchbase
                  timeUnixNano: "1000000"
            name: gauge.storage.hdd.used
          - gauge:
              dataPoints:
                - asInt: "0"
                  attributes:
                    - key: cluster
                      value:
                        stringValue: default
                    - key: dsname
                      value:
                        stringValue: value
                    - key: hostHasService
                      value:
                        stringValue: couchbase
                    - key: plugin
                      value:
                        stringValue: couchbase
                    - key: system.type
                      value:
                        stringValue: couchbase
                  timeUnixNano: "1000000"
            name: gauge.storage.hdd.usedByData
          - gauge:
              dataPoints:
                - asInt: "34334669906"
                  attributes:
                    - key: cluster
                      value:
                        stringValue: default
                    - key: dsname
                      value:
                        stringValue: value
                    - key: hostHasService
                      value:
                        stringValue: couchbase
                    - key: plugin
                      value:
                        stringValue: couchbase
                    - key: system.type
                      value:
                        stringValue: couchbase
                  timeUnixNano: "1000000"
            name: gauge.storage.hdd.free
        scope: {}
  - resource:
      attributes:
        - key: node
          value:
            stringValue: 172.17.0.2:8091
    scopeMetrics:
      - metrics:
          - gauge:
              dataPoints:
                - asDouble: 5.077461269365969
                  attributes:
                    - key: cluster
                      value:
                        stringValue: default
                    - key: dsname
                      value:
                        stringValue: value
                    - key: hostHasService
                      value:
                        stringValue: couchbase
                    - key: plugin
                      value:
                        stringValue: couchbase
                    - key: system.type
                      value:
                        stringValue: couchbase
                  timeUnixNano: "1000000"
            name: gauge.nodes.system.cpu_utilization_rate
          - gauge:
              dataPoints:
                - asInt: "1073737728"
                  attributes:
                    - key: cluster
                      value:
                        stringValue: default
                    - key: dsname
                      value:
                        stringValue: value
                    - key: hostHasService
                      value:
                        stringValue: couchbase
                    - key: plugin
                      value:
                        stringValue: couchbase
                    - key: system.type
                      value:
                        stringValue: couchbase
                  timeUnixNano: "1000000"
            name: gauge.nodes.system.swap_total
          - gauge:
              dataPoints:
                - asInt: "0"
                  attributes:
                    - key: cluster
                      value:
                        stringValue: default
                    - key: dsname
                      value:
                        stringValue: value
                    - key: hostHasService
                      value:
                        stringValue: couchbase
                    - key: plugin
                      value:
                        stringValue: couchbase
                    - key: system.type
                      value:
                        stringValue: couchbase
                  timeUnixNano: "1000000"
            name: gauge.nodes.system.swap_used
          - gauge:
              dataPoints:
                - asInt: "12533592064"
                  attributes:
                    - key: cluster
                      value:
                        stringValue: default
                    - key: dsname
                      value:
                        stringValue: value
                    - key: hostHasService
                      value:
                        stringValue: couchbase
                    - key: plugin
                      value:
                        stringValue: couchbase
                    - key: system.type
                      value:
                        stringValue: couchbase
                  timeUnixNano: "1000000"
            name: gauge.nodes.system.mem_total
          - gauge:
              dataPoints:
                - asInt: "10741395456"
                  attributes:
                    - key: cluster
                      value:
                        stringValue: default
                    - key: dsname
                      value:
                        stringValue: value
                    - key: hostHasService
                      value:
                        stringValue: couchbase
                    - key: plugin
                      value:
                        stringValue: couchbase
                    - key: system.type
                      value:
                        stringValue: couchbase
                  timeUnixNano: "1000000"
            name: gauge.nodes.system.mem_free
          - gauge:
              dataPoints:
                - asInt: "12533592064"
                  attributes:
                    - key: cluster
                      value:
                        stringValue: default
                    - key: dsname
                      value:
                        stringValue: value
                    - key: hostHasService
                      value:
                        stringValue: couchbase
                    - key: plugin
                      value:
                        stringValue: couchbase
                    - key: system.type
                      value:
                        stringValue: couchbase
                  timeUnixNano: "1000000"
            name: gauge.nodes.memoryTotal
          - gauge:
              dataPoints:
                - asInt: "10741395456"
                  attributes:
                    - key: cluster
                      value:
                        stringValue: default
                    - key: dsname
                      value:
                        stringValue: value
                    - key: hostHasService
                      value:
                        stringValue: couchbase
                    - key: plugin
                      value:
                        stringValue: couchbase
                    - key: system.type
                      value:
                        stringValue: couchbase
                  timeUnixNano: "1000000"
            name: gauge.nodes.memoryFree
          - gauge:
              dataPoints:
                - asInt: "9562"
                  attributes:
                    - key: cluster
                      value:
                        stringValue: default
                    - key: dsname
                      value:
                        stringValue: value
                    - key: hostHasService
                      value:
                        stringValue: couchbase
                    - key: plugin
                      value:
                        stringValue: couchbase
                    - key: system.type
                      value:
                        stringValue: couchbase
                  timeUnixNano: "1000000"
            name: gauge.nodes.mcdMemoryReserved
          - gauge:
              dataPoints:
                - asInt: "9562"
                  attributes:
                    - key: cluster
                      value:
                        stringValue: default
                    - key: dsname
                      value:
                        stringValue: value
                    - key: hostHasService
                      value:
                        stringValue: couchbase
                    - key: plugin
                      value:
                        stringValue: couchbase
                    - key: system.type
                      value:
                        stringValue: couchbase
                  timeUnixNano: "1000000"
            name: gauge.nodes.mcdMemoryAllocated
        scope: {}
