resourceMetrics:
  - resource:
      attributes:
        - key: service.name
          value:
            stringValue: unknown_service:java
        - key: telemetry.sdk.language
          value:
            stringValue: java
        - key: telemetry.sdk.name
          value:
            stringValue: opentelemetry
        - key: telemetry.sdk.version
          value:
            stringValue: 1.45.0
    scopeMetrics:
      - metrics:
          - description: current heap usage
            gauge:
              dataPoints:
                - asInt: "3054960640"
                  startTimeUnixNano: "1000000"
                  timeUnixNano: "2000000"
            name: jvm.memory.heap.max
            unit: By
          - description: current heap usage
            gauge:
              dataPoints:
                - asInt: "569540496"
                  startTimeUnixNano: "1000000"
                  timeUnixNano: "2000000"
            name: jvm.memory.heap.used
            unit: By
          - description: number of loaded classes
            gauge:
              dataPoints:
                - asInt: "9533"
                  startTimeUnixNano: "1000000"
                  timeUnixNano: "2000000"
            name: jvm.classes.loaded
            unit: '{class}'
          - description: current non-heap usage
            gauge:
              dataPoints:
                - asInt: "7667712"
                  startTimeUnixNano: "1000000"
                  timeUnixNano: "2000000"
            name: jvm.memory.nonheap.init
            unit: By
          - description: the approximate accumulated collection elapsed time in milliseconds
            name: jvm.gc.collections.elapsed
            sum:
              aggregationTemporality: 2
              dataPoints:
                - asInt: "37"
                  attributes:
                    - key: name
                      value:
                        stringValue: ConcurrentMarkSweep
                  startTimeUnixNano: "1000000"
                  timeUnixNano: "2000000"
                - asInt: "46"
                  attributes:
                    - key: name
                      value:
                        stringValue: ParNew
                  startTimeUnixNano: "1000000"
                  timeUnixNano: "2000000"
              isMonotonic: true
            unit: ms
          - description: current non-heap usage
            gauge:
              dataPoints:
                - asInt: "83394560"
                  startTimeUnixNano: "1000000"
                  timeUnixNano: "2000000"
            name: jvm.memory.nonheap.committed
            unit: By
          - description: current heap usage
            gauge:
              dataPoints:
                - asInt: "3133145088"
                  startTimeUnixNano: "1000000"
                  timeUnixNano: "2000000"
            name: jvm.memory.heap.init
            unit: By
          - description: current non-heap usage
            gauge:
              dataPoints:
                - asInt: "-1"
                  startTimeUnixNano: "1000000"
                  timeUnixNano: "2000000"
            name: jvm.memory.nonheap.max
            unit: By
          - description: current heap usage
            gauge:
              dataPoints:
                - asInt: "3054960640"
                  startTimeUnixNano: "1000000"
                  timeUnixNano: "2000000"
            name: jvm.memory.heap.committed
            unit: By
          - description: number of threads
            gauge:
              dataPoints:
                - asInt: "47"
                  startTimeUnixNano: "1000000"
                  timeUnixNano: "2000000"
            name: jvm.threads.count
            unit: '{thread}'
          - description: current memory pool usage
            gauge:
              dataPoints:
                - asInt: "2350907392"
                  attributes:
                    - key: name
                      value:
                        stringValue: CMS Old Gen
                  startTimeUnixNano: "1000000"
                  timeUnixNano: "2000000"
                - asInt: "2555904"
                  attributes:
                    - key: name
                      value:
                        stringValue: CodeHeap 'non-nmethods'
                  startTimeUnixNano: "1000000"
                  timeUnixNano: "2000000"
                - asInt: "5046272"
                  attributes:
                    - key: name
                      value:
                        stringValue: CodeHeap 'non-profiled nmethods'
                  startTimeUnixNano: "1000000"
                  timeUnixNano: "2000000"
                - asInt: "16777216"
                  attributes:
                    - key: name
                      value:
                        stringValue: CodeHeap 'profiled nmethods'
                  startTimeUnixNano: "1000000"
                  timeUnixNano: "2000000"
                - asInt: "6803456"
                  attributes:
                    - key: name
                      value:
                        stringValue: Compressed Class Space
                  startTimeUnixNano: "1000000"
                  timeUnixNano: "2000000"
                - asInt: "52211712"
                  attributes:
                    - key: name
                      value:
                        stringValue: Metaspace
                  startTimeUnixNano: "1000000"
                  timeUnixNano: "2000000"
                - asInt: "625868800"
                  attributes:
                    - key: name
                      value:
                        stringValue: Par Eden Space
                  startTimeUnixNano: "1000000"
                  timeUnixNano: "2000000"
                - asInt: "78184448"
                  attributes:
                    - key: name
                      value:
                        stringValue: Par Survivor Space
                  startTimeUnixNano: "1000000"
                  timeUnixNano: "2000000"
            name: jvm.memory.pool.committed
            unit: By
          - description: current non-heap usage
            gauge:
              dataPoints:
                - asInt: "79104840"
                  startTimeUnixNano: "1000000"
                  timeUnixNano: "2000000"
            name: jvm.memory.nonheap.used
            unit: By
          - description: current memory pool usage
            gauge:
              dataPoints:
                - asInt: "0"
                  attributes:
                    - key: name
                      value:
                        stringValue: CMS Old Gen
                  startTimeUnixNano: "1000000"
                  timeUnixNano: "2000000"
                - asInt: "1408896"
                  attributes:
                    - key: name
                      value:
                        stringValue: CodeHeap 'non-nmethods'
                  startTimeUnixNano: "1000000"
                  timeUnixNano: "2000000"
                - asInt: "5017344"
                  attributes:
                    - key: name
                      value:
                        stringValue: CodeHeap 'non-profiled nmethods'
                  startTimeUnixNano: "1000000"
                  timeUnixNano: "2000000"
                - asInt: "16729984"
                  attributes:
                    - key: name
                      value:
                        stringValue: CodeHeap 'profiled nmethods'
                  startTimeUnixNano: "1000000"
                  timeUnixNano: "2000000"
                - asInt: "5935960"
                  attributes:
                    - key: name
                      value:
                        stringValue: Compressed Class Space
                  startTimeUnixNano: "1000000"
                  timeUnixNano: "2000000"
                - asInt: "50012656"
                  attributes:
                    - key: name
                      value:
                        stringValue: Metaspace
                  startTimeUnixNano: "1000000"
                  timeUnixNano: "2000000"
                - asInt: "537866288"
                  attributes:
                    - key: name
                      value:
                        stringValue: Par Eden Space
                  startTimeUnixNano: "1000000"
                  timeUnixNano: "2000000"
                - asInt: "31674208"
                  attributes:
                    - key: name
                      value:
                        stringValue: Par Survivor Space
                  startTimeUnixNano: "1000000"
                  timeUnixNano: "2000000"
            name: jvm.memory.pool.used
            unit: By
          - description: current memory pool usage
            gauge:
              dataPoints:
                - asInt: "2350907392"
                  attributes:
                    - key: name
                      value:
                        stringValue: CMS Old Gen
                  startTimeUnixNano: "1000000"
                  timeUnixNano: "2000000"
                - asInt: "5836800"
                  attributes:
                    - key: name
                      value:
                        stringValue: CodeHeap 'non-nmethods'
                  startTimeUnixNano: "1000000"
                  timeUnixNano: "2000000"
                - asInt: "122912768"
                  attributes:
                    - key: name
                      value:
                        stringValue: CodeHeap 'non-profiled nmethods'
                  startTimeUnixNano: "1000000"
                  timeUnixNano: "2000000"
                - asInt: "122908672"
                  attributes:
                    - key: name
                      value:
                        stringValue: CodeHeap 'profiled nmethods'
                  startTimeUnixNano: "1000000"
                  timeUnixNano: "2000000"
                - asInt: "1073741824"
                  attributes:
                    - key: name
                      value:
                        stringValue: Compressed Class Space
                  startTimeUnixNano: "1000000"
                  timeUnixNano: "2000000"
                - asInt: "-1"
                  attributes:
                    - key: name
                      value:
                        stringValue: Metaspace
                  startTimeUnixNano: "1000000"
                  timeUnixNano: "2000000"
                - asInt: "625868800"
                  attributes:
                    - key: name
                      value:
                        stringValue: Par Eden Space
                  startTimeUnixNano: "1000000"
                  timeUnixNano: "2000000"
                - asInt: "78184448"
                  attributes:
                    - key: name
                      value:
                        stringValue: Par Survivor Space
                  startTimeUnixNano: "1000000"
                  timeUnixNano: "2000000"
            name: jvm.memory.pool.max
            unit: By
          - description: current memory pool usage
            gauge:
              dataPoints:
                - asInt: "2350907392"
                  attributes:
                    - key: name
                      value:
                        stringValue: CMS Old Gen
                  startTimeUnixNano: "1000000"
                  timeUnixNano: "2000000"
                - asInt: "2555904"
                  attributes:
                    - key: name
                      value:
                        stringValue: CodeHeap 'non-nmethods'
                  startTimeUnixNano: "1000000"
                  timeUnixNano: "2000000"
                - asInt: "2555904"
                  attributes:
                    - key: name
                      value:
                        stringValue: CodeHeap 'non-profiled nmethods'
                  startTimeUnixNano: "1000000"
                  timeUnixNano: "2000000"
                - asInt: "2555904"
                  attributes:
                    - key: name
                      value:
                        stringValue: CodeHeap 'profiled nmethods'
                  startTimeUnixNano: "1000000"
                  timeUnixNano: "2000000"
                - asInt: "0"
                  attributes:
                    - key: name
                      value:
                        stringValue: Compressed Class Space
                  startTimeUnixNano: "1000000"
                  timeUnixNano: "2000000"
                - asInt: "0"
                  attributes:
                    - key: name
                      value:
                        stringValue: Metaspace
                  startTimeUnixNano: "1000000"
                  timeUnixNano: "2000000"
                - asInt: "625868800"
                  attributes:
                    - key: name
                      value:
                        stringValue: Par Eden Space
                  startTimeUnixNano: "1000000"
                  timeUnixNano: "2000000"
                - asInt: "78184448"
                  attributes:
                    - key: name
                      value:
                        stringValue: Par Survivor Space
                  startTimeUnixNano: "1000000"
                  timeUnixNano: "2000000"
            name: jvm.memory.pool.init
            unit: By
          - description: total number of collections that have occurred
            name: jvm.gc.collections.count
            sum:
              aggregationTemporality: 2
              dataPoints:
                - asInt: "1"
                  attributes:
                    - key: name
                      value:
                        stringValue: ConcurrentMarkSweep
                  startTimeUnixNano: "1000000"
                  timeUnixNano: "2000000"
                - asInt: "1"
                  attributes:
                    - key: name
                      value:
                        stringValue: ParNew
                  startTimeUnixNano: "1000000"
                  timeUnixNano: "2000000"
              isMonotonic: true
            unit: '{collection}'
        scope:
          name: io.opentelemetry.contrib.jmxmetrics
          version: 1.42.0-alpha
      - metrics:
          - description: The number of items queued
            gauge:
              dataPoints:
                - asInt: "0"
                  attributes:
                    - key: processorType
                      value:
                        stringValue: BatchLogRecordProcessor
                  startTimeUnixNano: "1000000"
                  timeUnixNano: "2000000"
            name: queueSize
            unit: "1"
        scope:
          name: io.opentelemetry.sdk.logs
