resourceMetrics:
  - resource:
      attributes:
        - key: mysql.instance.endpoint
          value:
            stringValue: 127.0.0.1:3306
    scopeMetrics:
      - metrics:
          - description: The number of data pages in the InnoDB buffer pool.
            name: mysql.buffer_pool.data_pages
            sum:
              aggregationTemporality: 2
              dataPoints:
                - asInt: "1130"
                  attributes:
                    - key: status
                      value:
                        stringValue: clean
                  startTimeUnixNano: "1000000"
                  timeUnixNano: "2000000"
                - asInt: "0"
                  attributes:
                    - key: status
                      value:
                        stringValue: dirty
                  startTimeUnixNano: "1000000"
                  timeUnixNano: "2000000"
            unit: "1"
          - description: The configured size of the InnoDB buffer pool.
            name: mysql.buffer_pool.limit
            sum:
              aggregationTemporality: 2
              dataPoints:
                - asInt: "134217728"
                  startTimeUnixNano: "1000000"
                  timeUnixNano: "2000000"
            unit: By
          - description: The number of operations on the InnoDB buffer pool.
            name: mysql.buffer_pool.operations
            sum:
              aggregationTemporality: 2
              dataPoints:
                - asInt: "0"
                  attributes:
                    - key: operation
                      value:
                        stringValue: read_ahead
                  startTimeUnixNano: "1000000"
                  timeUnixNano: "2000000"
                - asInt: "0"
                  attributes:
                    - key: operation
                      value:
                        stringValue: read_ahead_evicted
                  startTimeUnixNano: "1000000"
                  timeUnixNano: "2000000"
                - asInt: "0"
                  attributes:
                    - key: operation
                      value:
                        stringValue: read_ahead_rnd
                  startTimeUnixNano: "1000000"
                  timeUnixNano: "2000000"
                - asInt: "16448"
                  attributes:
                    - key: operation
                      value:
                        stringValue: read_requests
                  startTimeUnixNano: "1000000"
                  timeUnixNano: "2000000"
                - asInt: "983"
                  attributes:
                    - key: operation
                      value:
                        stringValue: reads
                  startTimeUnixNano: "1000000"
                  timeUnixNano: "2000000"
                - asInt: "0"
                  attributes:
                    - key: operation
                      value:
                        stringValue: wait_free
                  startTimeUnixNano: "1000000"
                  timeUnixNano: "2000000"
                - asInt: "1970"
                  attributes:
                    - key: operation
                      value:
                        stringValue: write_requests
                  startTimeUnixNano: "1000000"
                  timeUnixNano: "2000000"
              isMonotonic: true
            unit: "1"
          - description: The number of requests to flush pages from the InnoDB buffer pool.
            name: mysql.buffer_pool.page_flushes
            sum:
              aggregationTemporality: 2
              dataPoints:
                - asInt: "193"
                  startTimeUnixNano: "1000000"
                  timeUnixNano: "2000000"
              isMonotonic: true
            unit: "1"
          - description: The number of pages in the InnoDB buffer pool.
            name: mysql.buffer_pool.pages
            sum:
              aggregationTemporality: 2
              dataPoints:
                - asInt: "1130"
                  attributes:
                    - key: kind
                      value:
                        stringValue: data
                  startTimeUnixNano: "1000000"
                  timeUnixNano: "2000000"
                - asInt: "7062"
                  attributes:
                    - key: kind
                      value:
                        stringValue: free
                  startTimeUnixNano: "1000000"
                  timeUnixNano: "2000000"
                - asInt: "0"
                  attributes:
                    - key: kind
                      value:
                        stringValue: misc
                  startTimeUnixNano: "1000000"
                  timeUnixNano: "2000000"
            unit: "1"
          - description: The number of bytes in the InnoDB buffer pool.
            name: mysql.buffer_pool.usage
            sum:
              aggregationTemporality: 2
              dataPoints:
                - asInt: "18513920"
                  attributes:
                    - key: status
                      value:
                        stringValue: clean
                  startTimeUnixNano: "1000000"
                  timeUnixNano: "2000000"
                - asInt: "0"
                  attributes:
                    - key: status
                      value:
                        stringValue: dirty
                  startTimeUnixNano: "1000000"
                  timeUnixNano: "2000000"
            unit: By
          - description: The number of writes to the InnoDB doublewrite buffer.
            name: mysql.double_writes
            sum:
              aggregationTemporality: 2
              dataPoints:
                - asInt: "52"
                  attributes:
                    - key: kind
                      value:
                        stringValue: pages_written
                  startTimeUnixNano: "1000000"
                  timeUnixNano: "2000000"
                - asInt: "3"
                  attributes:
                    - key: kind
                      value:
                        stringValue: writes
                  startTimeUnixNano: "1000000"
                  timeUnixNano: "2000000"
              isMonotonic: true
            unit: "1"
          - description: The number of requests to various MySQL handlers.
            name: mysql.handlers
            sum:
              aggregationTemporality: 2
              dataPoints:
                - asInt: "785"
                  attributes:
                    - key: kind
                      value:
                        stringValue: commit
                  startTimeUnixNano: "1000000"
                  timeUnixNano: "2000000"
                - asInt: "8"
                  attributes:
                    - key: kind
                      value:
                        stringValue: delete
                  startTimeUnixNano: "1000000"
                  timeUnixNano: "2000000"
                - asInt: "0"
                  attributes:
                    - key: kind
                      value:
                        stringValue: discover
                  startTimeUnixNano: "1000000"
                  timeUnixNano: "2000000"
                - asInt: "6813"
                  attributes:
                    - key: kind
                      value:
                        stringValue: external_lock
                  startTimeUnixNano: "1000000"
                  timeUnixNano: "2000000"
                - asInt: "0"
                  attributes:
                    - key: kind
                      value:
                        stringValue: mrr_init
                  startTimeUnixNano: "1000000"
                  timeUnixNano: "2000000"
                - asInt: "0"
                  attributes:
                    - key: kind
                      value:
                        stringValue: prepare
                  startTimeUnixNano: "1000000"
                  timeUnixNano: "2000000"
                - asInt: "41"
                  attributes:
                    - key: kind
                      value:
                        stringValue: read_first
                  startTimeUnixNano: "1000000"
                  timeUnixNano: "2000000"
                - asInt: "1960"
                  attributes:
                    - key: kind
                      value:
                        stringValue: read_key
                  startTimeUnixNano: "1000000"
                  timeUnixNano: "2000000"
                - asInt: "0"
                  attributes:
                    - key: kind
                      value:
                        stringValue: read_last
                  startTimeUnixNano: "1000000"
                  timeUnixNano: "2000000"
                - asInt: "4235"
                  attributes:
                    - key: kind
                      value:
                        stringValue: read_next
                  startTimeUnixNano: "1000000"
                  timeUnixNano: "2000000"
                - asInt: "0"
                  attributes:
                    - key: kind
                      value:
                        stringValue: read_prev
                  startTimeUnixNano: "1000000"
                  timeUnixNano: "2000000"
                - asInt: "4"
                  attributes:
                    - key: kind
                      value:
                        stringValue: read_rnd
                  startTimeUnixNano: "1000000"
                  timeUnixNano: "2000000"
                - asInt: "867"
                  attributes:
                    - key: kind
                      value:
                        stringValue: read_rnd_next
                  startTimeUnixNano: "1000000"
                  timeUnixNano: "2000000"
                - asInt: "0"
                  attributes:
                    - key: kind
                      value:
                        stringValue: rollback
                  startTimeUnixNano: "1000000"
                  timeUnixNano: "2000000"
                - asInt: "0"
                  attributes:
                    - key: kind
                      value:
                        stringValue: savepoint
                  startTimeUnixNano: "1000000"
                  timeUnixNano: "2000000"
                - asInt: "0"
                  attributes:
                    - key: kind
                      value:
                        stringValue: savepoint_rollback
                  startTimeUnixNano: "1000000"
                  timeUnixNano: "2000000"
                - asInt: "331"
                  attributes:
                    - key: kind
                      value:
                        stringValue: update
                  startTimeUnixNano: "1000000"
                  timeUnixNano: "2000000"
                - asInt: "322"
                  attributes:
                    - key: kind
                      value:
                        stringValue: write
                  startTimeUnixNano: "1000000"
                  timeUnixNano: "2000000"
              isMonotonic: true
            unit: "1"
          - description: The number of MySQL locks.
            name: mysql.locks
            sum:
              aggregationTemporality: 2
              dataPoints:
                - asInt: "6"
                  attributes:
                    - key: kind
                      value:
                        stringValue: immediate
                  startTimeUnixNano: "1000000"
                  timeUnixNano: "2000000"
                - asInt: "0"
                  attributes:
                    - key: kind
                      value:
                        stringValue: waited
                  startTimeUnixNano: "1000000"
                  timeUnixNano: "2000000"
              isMonotonic: true
            unit: "1"
          - description: The number of InnoDB log operations.
            name: mysql.log_operations
            sum:
              aggregationTemporality: 2
              dataPoints:
                - asInt: "60"
                  attributes:
                    - key: operation
                      value:
                        stringValue: fsyncs
                  startTimeUnixNano: "1000000"
                  timeUnixNano: "2000000"
                - asInt: "0"
                  attributes:
                    - key: operation
                      value:
                        stringValue: waits
                  startTimeUnixNano: "1000000"
                  timeUnixNano: "2000000"
                - asInt: "837"
                  attributes:
                    - key: operation
                      value:
                        stringValue: write_requests
                  startTimeUnixNano: "1000000"
                  timeUnixNano: "2000000"
                - asInt: "32"
                  attributes:
                    - key: operation
                      value:
                        stringValue: writes
                  startTimeUnixNano: "1000000"
                  timeUnixNano: "2000000"
              isMonotonic: true
            unit: "1"
          - description: The number of mysqlx connections.
            name: mysql.mysqlx_connections
            sum:
              aggregationTemporality: 2
              dataPoints:
                - asInt: "0"
                  attributes:
                    - key: status
                      value:
                        stringValue: accepted
                  startTimeUnixNano: "1000000"
                  timeUnixNano: "2000000"
                - asInt: "0"
                  attributes:
                    - key: status
                      value:
                        stringValue: closed
                  startTimeUnixNano: "1000000"
                  timeUnixNano: "2000000"
                - asInt: "0"
                  attributes:
                    - key: status
                      value:
                        stringValue: rejected
                  startTimeUnixNano: "1000000"
                  timeUnixNano: "2000000"
              isMonotonic: true
            unit: "1"
          - description: The number of opened resources.
            name: mysql.opened_resources
            sum:
              aggregationTemporality: 2
              dataPoints:
                - asInt: "2"
                  attributes:
                    - key: kind
                      value:
                        stringValue: file
                  startTimeUnixNano: "1000000"
                  timeUnixNano: "2000000"
                - asInt: "157"
                  attributes:
                    - key: kind
                      value:
                        stringValue: table
                  startTimeUnixNano: "1000000"
                  timeUnixNano: "2000000"
                - asInt: "78"
                  attributes:
                    - key: kind
                      value:
                        stringValue: table_definition
                  startTimeUnixNano: "1000000"
                  timeUnixNano: "2000000"
              isMonotonic: true
            unit: "1"
          - description: The number of InnoDB operations.
            name: mysql.operations
            sum:
              aggregationTemporality: 2
              dataPoints:
                - asInt: "74"
                  attributes:
                    - key: operation
                      value:
                        stringValue: fsyncs
                  startTimeUnixNano: "1000000"
                  timeUnixNano: "2000000"
                - asInt: "1005"
                  attributes:
                    - key: operation
                      value:
                        stringValue: reads
                  startTimeUnixNano: "1000000"
                  timeUnixNano: "2000000"
                - asInt: "257"
                  attributes:
                    - key: operation
                      value:
                        stringValue: writes
                  startTimeUnixNano: "1000000"
                  timeUnixNano: "2000000"
              isMonotonic: true
            unit: "1"
          - description: The number of InnoDB page operations.
            name: mysql.page_operations
            sum:
              aggregationTemporality: 2
              dataPoints:
                - asInt: "148"
                  attributes:
                    - key: operation
                      value:
                        stringValue: created
                  startTimeUnixNano: "1000000"
                  timeUnixNano: "2000000"
                - asInt: "982"
                  attributes:
                    - key: operation
                      value:
                        stringValue: read
                  startTimeUnixNano: "1000000"
                  timeUnixNano: "2000000"
                - asInt: "193"
                  attributes:
                    - key: operation
                      value:
                        stringValue: written
                  startTimeUnixNano: "1000000"
                  timeUnixNano: "2000000"
              isMonotonic: true
            unit: "1"
          - description: The number of times each type of prepared statement command has been issued.
            name: mysql.prepared_statements
            sum:
              aggregationTemporality: 2
              dataPoints:
                - asInt: "0"
                  attributes:
                    - key: command
                      value:
                        stringValue: close
                  startTimeUnixNano: "1000000"
                  timeUnixNano: "2000000"
                - asInt: "0"
                  attributes:
                    - key: command
                      value:
                        stringValue: execute
                  startTimeUnixNano: "1000000"
                  timeUnixNano: "2000000"
                - asInt: "0"
                  attributes:
                    - key: command
                      value:
                        stringValue: fetch
                  startTimeUnixNano: "1000000"
                  timeUnixNano: "2000000"
                - asInt: "0"
                  attributes:
                    - key: command
                      value:
                        stringValue: prepare
                  startTimeUnixNano: "1000000"
                  timeUnixNano: "2000000"
                - asInt: "0"
                  attributes:
                    - key: command
                      value:
                        stringValue: reset
                  startTimeUnixNano: "1000000"
                  timeUnixNano: "2000000"
                - asInt: "0"
                  attributes:
                    - key: command
                      value:
                        stringValue: send_long_data
                  startTimeUnixNano: "1000000"
                  timeUnixNano: "2000000"
              isMonotonic: true
            unit: "1"
          - description: The number of InnoDB row locks.
            name: mysql.row_locks
            sum:
              aggregationTemporality: 2
              dataPoints:
                - asInt: "0"
                  attributes:
                    - key: kind
                      value:
                        stringValue: time
                  startTimeUnixNano: "1000000"
                  timeUnixNano: "2000000"
                - asInt: "0"
                  attributes:
                    - key: kind
                      value:
                        stringValue: waits
                  startTimeUnixNano: "1000000"
                  timeUnixNano: "2000000"
              isMonotonic: true
            unit: "1"
          - description: The number of InnoDB row operations.
            name: mysql.row_operations
            sum:
              aggregationTemporality: 2
              dataPoints:
                - asInt: "0"
                  attributes:
                    - key: operation
                      value:
                        stringValue: deleted
                  startTimeUnixNano: "1000000"
                  timeUnixNano: "2000000"
                - asInt: "0"
                  attributes:
                    - key: operation
                      value:
                        stringValue: inserted
                  startTimeUnixNano: "1000000"
                  timeUnixNano: "2000000"
                - asInt: "0"
                  attributes:
                    - key: operation
                      value:
                        stringValue: read
                  startTimeUnixNano: "1000000"
                  timeUnixNano: "2000000"
                - asInt: "0"
                  attributes:
                    - key: operation
                      value:
                        stringValue: updated
                  startTimeUnixNano: "1000000"
                  timeUnixNano: "2000000"
              isMonotonic: true
            unit: "1"
          - description: The number of MySQL sorts.
            name: mysql.sorts
            sum:
              aggregationTemporality: 2
              dataPoints:
                - asInt: "0"
                  attributes:
                    - key: kind
                      value:
                        stringValue: merge_passes
                  startTimeUnixNano: "1000000"
                  timeUnixNano: "2000000"
                - asInt: "0"
                  attributes:
                    - key: kind
                      value:
                        stringValue: range
                  startTimeUnixNano: "1000000"
                  timeUnixNano: "2000000"
                - asInt: "4"
                  attributes:
                    - key: kind
                      value:
                        stringValue: rows
                  startTimeUnixNano: "1000000"
                  timeUnixNano: "2000000"
                - asInt: "1"
                  attributes:
                    - key: kind
                      value:
                        stringValue: scan
                  startTimeUnixNano: "1000000"
                  timeUnixNano: "2000000"
              isMonotonic: true
            unit: "1"
          - description: The state of MySQL threads.
            name: mysql.threads
            sum:
              aggregationTemporality: 2
              dataPoints:
                - asInt: "0"
                  attributes:
                    - key: kind
                      value:
                        stringValue: cached
                  startTimeUnixNano: "1000000"
                  timeUnixNano: "2000000"
                - asInt: "1"
                  attributes:
                    - key: kind
                      value:
                        stringValue: connected
                  startTimeUnixNano: "1000000"
                  timeUnixNano: "2000000"
                - asInt: "1"
                  attributes:
                    - key: kind
                      value:
                        stringValue: created
                  startTimeUnixNano: "1000000"
                  timeUnixNano: "2000000"
                - asInt: "2"
                  attributes:
                    - key: kind
                      value:
                        stringValue: running
                  startTimeUnixNano: "1000000"
                  timeUnixNano: "2000000"
            unit: "1"
          - description: The number of created temporary resources.
            name: mysql.tmp_resources
            sum:
              aggregationTemporality: 2
              dataPoints:
                - asInt: "0"
                  attributes:
                    - key: resource
                      value:
                        stringValue: disk_tables
                  startTimeUnixNano: "1000000"
                  timeUnixNano: "2000000"
                - asInt: "5"
                  attributes:
                    - key: resource
                      value:
                        stringValue: files
                  startTimeUnixNano: "1000000"
                  timeUnixNano: "2000000"
                - asInt: "2"
                  attributes:
                    - key: resource
                      value:
                        stringValue: tables
                  startTimeUnixNano: "1000000"
                  timeUnixNano: "2000000"
              isMonotonic: true
            unit: "1"
          - description: The number of seconds that the server has been up.
            name: mysql.uptime
            sum:
              aggregationTemporality: 2
              dataPoints:
                - asInt: "21"
                  startTimeUnixNano: "1000000"
                  timeUnixNano: "2000000"
              isMonotonic: true
            unit: s
        scope:
          name: github.com/open-telemetry/opentelemetry-collector-contrib/receiver/mysqlreceiver
          version: v0.97.0
