file:
  exporters:
    otlp:
      endpoint: ${OTLP_ENDPOINT}
      tls:
        insecure: true
  processors:
    filter:
      metrics:
        include:
          match_type: strict
          metric_names: [prometheus_tsdb_exemplar_exemplars_in_storage]
  service:
    pipelines:
      metrics:
        exporters: [otlp]
        processors: [filter]
    telemetry:
      metrics:
        level: none
splunk.discovery:
  extensions:
    docker_observer:
      endpoint: ${DOCKER_DOMAIN_SOCKET}
  receivers:
    discovery/docker_observer:
      embed_receiver_config: true
      receivers:
        prometheus_simple:
          service_type: prometheus
          config:
            collection_interval: 1s
            labels:
              label_five: actual.label.five.value
              label_four: actual.label.four.value
              label_one: ${LABEL_ONE_VALUE}
              label_three: actual.label.three.value
              label_two: ${LABEL_TWO_VALUE}
          rule: type == "container" and labels['test.id'] == '${SPLUNK_TEST_ID}' and port == 9090
          status:
            metrics:
              - message: prometheus detected
                status: successful
                strict: prometheus_tsdb_time_retentions_total
      watch_observers: [docker_observer]
  service:
    extensions/splunk.discovery: [docker_observer]
    receivers/splunk.discovery: [discovery/docker_observer]