resourceMetrics:
  - resource:
      attributes:
        - key: container.image.name
          value:
            stringValue: bitnami/prometheus
        - key: container.name
          value:
            stringValue: nervous_brahmagupta
        - key: url.scheme
          value:
            stringValue: http
        - key: server.address
          value:
            stringValue: 172.17.0.3
        - key: server.port
          value:
            stringValue: "9090"
        - key: service.instance.id
          value:
            stringValue: 172.17.0.3:9090
        - key: service.name
          value:
            stringValue: prometheus_simple/172.17.0.3:9090
        - key: url.scheme
          value:
            stringValue: http
    scopeMetrics:
      - metrics:
          - description: Number of exemplars currently in circular storage.
            gauge:
              dataPoints:
                - asDouble: 0
                  attributes:
#.    .              TODO: Re-enable test coverage after https://github.com/open-telemetry/opentelemetry-collector-contrib/issues/40722
#                    - key: label_five
#                      value:
#                        stringValue: actual.label.five.value
#                    - key: label_four
#                      value:
#                        stringValue: actual.label.four.value
#                    - key: label_one
#                      value:
#                        stringValue: actual.label.one.value
#                    - key: label_three
#                      value:
#                        stringValue: actual.label.three.value
#                    - key: label_two
#                      value:
#                        stringValue: actual.label.two.value
                  timeUnixNano: "1000000"
            metadata:
              - key: prometheus.type
                value:
                  stringValue: gauge
            name: prometheus_tsdb_exemplar_exemplars_in_storage
        scope:
          name: github.com/open-telemetry/opentelemetry-collector-contrib/receiver/prometheusreceiver
          version: v0.116.0-1-g0f3e01e7
