extensions:
  docker_observer:
    endpoint: "{{ .DockerEndpoint }}"
exporters:
  otlp:
    endpoint: "{{ .OTLPEndpoint }}"
    tls:
      insecure: true
processors:
  filter:
    metrics:
      include:
        match_type: strict
        metric_names: [prometheus_tsdb_exemplar_exemplars_in_storage]
receivers:
  discovery/docker_observer:
    embed_receiver_config: true
    receivers:
      prometheus_simple:
        service_type: prometheus
        config:
          collection_interval: 1s
          labels:
            label_one: actual.label.one.value
            label_two: actual.label.two.value
            label_three: actual.label.three.value
            label_four: actual.label.four.value
            label_five: actual.label.five.value
        rule: type == "container" and labels['test.id'] == '{{ .TestID }}' and port == 9090
        status:
          metrics:
            - message: prometheus detected
              status: successful
              strict: prometheus_tsdb_time_retentions_total
    watch_observers: [docker_observer]
service:
  extensions: [docker_observer]
  pipelines:
    metrics:
      receivers: [discovery/docker_observer]
      exporters: [otlp]
      processors: [filter]
  telemetry:
    metrics:
      level: none
    resource:
      splunk_autodiscovery: "true"