resourceMetrics:
  - resource:
      attributes:
        - key: discovery.endpoint.id
          value:
            stringValue: (host_observer/with-name)127.0.0.1-51591-TCP-1
        - key: url.scheme
          value:
            stringValue: http
        - key: label_one
          value:
            stringValue: actual.label.one.value.from.env.var
        - key: label_three
          value:
            stringValue: actual.label.three.value.from.cmdline.property
        - key: label_two
          value:
            stringValue: actual.label.two.value.from.env.var
        - key: server.port
          value:
            stringValue: "52144"
        - key: service.instance.id
          value:
            stringValue: 127.0.0.1:52144
        - key: service.name
          value:
            stringValue: otelcol
        - key: service.version
          value:
            stringValue: v0.120.0-12-ca35d36d9f
        - key: url.scheme
          value:
            stringValue: http
        - key: splunk_autodiscovery
          value:
            stringValue: "true"
    scopeMetrics:
      - metrics:
          - description: Uptime of the process [alpha]
            metadata:
              - key: prometheus.type
                value:
                  stringValue: counter
            name: otelcol_process_uptime
            sum:
              aggregationTemporality: 2
              dataPoints:
                - asDouble: 21.150509204
                  attributes:
                     - key: label_one
                       value:
                         stringValue: actual.label.one.value.from.env.var
                     - key: label_three
                       value:
                         stringValue: actual.label.three.value.from.cmdline.property
                     - key: label_two
                       value:
                         stringValue: actual.label.two.value.from.env.var
                  startTimeUnixNano: "1000000"
                  timeUnixNano: "2000000"
              isMonotonic: true
        scope:
          name: github.com/open-telemetry/opentelemetry-collector-contrib/receiver/prometheusreceiver
          version: v0.115.0
