resourceMetrics:
  - resource:
      attributes:
        - key: host.name
          value:
            stringValue: localhost:1521
        - key: oracledb.instance.name
          value:
            stringValue: localhost:1521/XE
    scopeMetrics:
      - metrics:
          - description: Cumulative CPU time, in seconds
            name: oracledb.cpu_time
            sum:
              aggregationTemporality: 2
              dataPoints:
                - asDouble: 16.67
                  startTimeUnixNano: "1000000"
                  timeUnixNano: "2000000"
              isMonotonic: true
            unit: s
          - description: Maximum limit of active DML (Data Manipulation Language) locks, -1 if unlimited.
            gauge:
              dataPoints:
                - asInt: "-1"
                  startTimeUnixNano: "1000000"
                  timeUnixNano: "2000000"
            name: oracledb.dml_locks.limit
            unit: '{locks}'
          - description: Current count of active DML (Data Manipulation Language) locks.
            gauge:
              dataPoints:
                - asInt: "0"
                  startTimeUnixNano: "1000000"
                  timeUnixNano: "2000000"
            name: oracledb.dml_locks.usage
            unit: '{locks}'
          - description: Total number of deadlocks between table or row locks in different sessions.
            name: oracledb.enqueue_deadlocks
            sum:
              aggregationTemporality: 2
              dataPoints:
                - asInt: "0"
                  startTimeUnixNano: "1000000"
                  timeUnixNano: "2000000"
              isMonotonic: true
            unit: '{deadlocks}'
          - description: Maximum limit of active enqueue locks, -1 if unlimited.
            gauge:
              dataPoints:
                - asInt: "5882"
                  startTimeUnixNano: "1000000"
                  timeUnixNano: "2000000"
            name: oracledb.enqueue_locks.limit
            unit: '{locks}'
          - description: Current count of active enqueue locks.
            gauge:
              dataPoints:
                - asInt: "32"
                  startTimeUnixNano: "1000000"
                  timeUnixNano: "2000000"
            name: oracledb.enqueue_locks.usage
            unit: '{locks}'
          - description: Maximum limit of active enqueue resources, -1 if unlimited.
            gauge:
              dataPoints:
                - asInt: "-1"
                  startTimeUnixNano: "1000000"
                  timeUnixNano: "2000000"
            name: oracledb.enqueue_resources.limit
            unit: '{resources}'
          - description: Current count of active enqueue resources.
            gauge:
              dataPoints:
                - asInt: "27"
                  startTimeUnixNano: "1000000"
                  timeUnixNano: "2000000"
            name: oracledb.enqueue_resources.usage
            unit: '{resources}'
          - description: Number of times that a process detected a potential deadlock when exchanging two buffers and raised an internal, restartable error. Index scans are the only operations that perform exchanges.
            name: oracledb.exchange_deadlocks
            sum:
              aggregationTemporality: 2
              dataPoints:
                - asInt: "0"
                  startTimeUnixNano: "1000000"
                  timeUnixNano: "2000000"
              isMonotonic: true
            unit: '{deadlocks}'
          - description: Total number of calls (user and recursive) that executed SQL statements
            name: oracledb.executions
            sum:
              aggregationTemporality: 2
              dataPoints:
                - asInt: "132960"
                  startTimeUnixNano: "1000000"
                  timeUnixNano: "2000000"
              isMonotonic: true
            unit: '{executions}'
          - description: Number of hard parses
            name: oracledb.hard_parses
            sum:
              aggregationTemporality: 2
              dataPoints:
                - asInt: "3735"
                  startTimeUnixNano: "1000000"
                  timeUnixNano: "2000000"
              isMonotonic: true
            unit: '{parses}'
          - description: Number of logical reads
            name: oracledb.logical_reads
            sum:
              aggregationTemporality: 2
              dataPoints:
                - asInt: "520306"
                  startTimeUnixNano: "1000000"
                  timeUnixNano: "2000000"
              isMonotonic: true
            unit: '{reads}'
          - description: Total number of parse calls.
            name: oracledb.parse_calls
            sum:
              aggregationTemporality: 2
              dataPoints:
                - asInt: "100913"
                  startTimeUnixNano: "1000000"
                  timeUnixNano: "2000000"
              isMonotonic: true
            unit: '{parses}'
          - description: Session PGA (Program Global Area) memory
            name: oracledb.pga_memory
            sum:
              aggregationTemporality: 2
              dataPoints:
                - asInt: "260688992"
                  startTimeUnixNano: "1000000"
                  timeUnixNano: "2000000"
              isMonotonic: true
            unit: By
          - description: Number of physical reads
            name: oracledb.physical_reads
            sum:
              aggregationTemporality: 2
              dataPoints:
                - asInt: "15076"
                  startTimeUnixNano: "1000000"
                  timeUnixNano: "2000000"
              isMonotonic: true
            unit: '{reads}'
          - description: Maximum limit of active processes, -1 if unlimited.
            gauge:
              dataPoints:
                - asInt: "320"
                  startTimeUnixNano: "1000000"
                  timeUnixNano: "2000000"
            name: oracledb.processes.limit
            unit: '{processes}'
          - description: Current count of active processes.
            gauge:
              dataPoints:
                - asInt: "83"
                  startTimeUnixNano: "1000000"
                  timeUnixNano: "2000000"
            name: oracledb.processes.usage
            unit: '{processes}'
          - description: Maximum limit of active sessions, -1 if unlimited.
            gauge:
              dataPoints:
                - asInt: "502"
                  startTimeUnixNano: "1000000"
                  timeUnixNano: "2000000"
            name: oracledb.sessions.limit
            unit: '{sessions}'
          - description: Count of active sessions.
            gauge:
              dataPoints:
                - asInt: "78"
                  attributes:
                    - key: session_status
                      value:
                        stringValue: ACTIVE
                    - key: session_type
                      value:
                        stringValue: BACKGROUND
                  startTimeUnixNano: "1000000"
                  timeUnixNano: "2000000"
                - asInt: "1"
                  attributes:
                    - key: session_status
                      value:
                        stringValue: ACTIVE
                    - key: session_type
                      value:
                        stringValue: USER
                  startTimeUnixNano: "1000000"
                  timeUnixNano: "2000000"
            name: oracledb.sessions.usage
            unit: '{sessions}'
          - description: Maximum size of tablespace in bytes, -1 if unlimited.
            gauge:
              dataPoints:
                - asInt: "2844934144"
                  attributes:
                    - key: tablespace_name
                      value:
                        stringValue: SYSAUX
                  startTimeUnixNano: "1000000"
                  timeUnixNano: "2000000"
                - asInt: "2844934144"
                  attributes:
                    - key: tablespace_name
                      value:
                        stringValue: SYSTEM
                  startTimeUnixNano: "1000000"
                  timeUnixNano: "2000000"
                - asInt: "8893210624"
                  attributes:
                    - key: tablespace_name
                      value:
                        stringValue: TEMP
                  startTimeUnixNano: "1000000"
                  timeUnixNano: "2000000"
                - asInt: "34359721984"
                  attributes:
                    - key: tablespace_name
                      value:
                        stringValue: UNDOTBS1
                  startTimeUnixNano: "1000000"
                  timeUnixNano: "2000000"
                - asInt: "2844934144"
                  attributes:
                    - key: tablespace_name
                      value:
                        stringValue: USERS
                  startTimeUnixNano: "1000000"
                  timeUnixNano: "2000000"
            name: oracledb.tablespace_size.limit
            unit: By
          - description: Used tablespace in bytes.
            gauge:
              dataPoints:
                - asInt: "342687744"
                  attributes:
                    - key: tablespace_name
                      value:
                        stringValue: SYSAUX
                  startTimeUnixNano: "1000000"
                  timeUnixNano: "2000000"
                - asInt: "899940352"
                  attributes:
                    - key: tablespace_name
                      value:
                        stringValue: SYSTEM
                  startTimeUnixNano: "1000000"
                  timeUnixNano: "2000000"
                - asInt: "0"
                  attributes:
                    - key: tablespace_name
                      value:
                        stringValue: TEMP
                  startTimeUnixNano: "1000000"
                  timeUnixNano: "2000000"
                - asInt: "2293760"
                  attributes:
                    - key: tablespace_name
                      value:
                        stringValue: UNDOTBS1
                  startTimeUnixNano: "1000000"
                  timeUnixNano: "2000000"
                - asInt: "1048576"
                  attributes:
                    - key: tablespace_name
                      value:
                        stringValue: USERS
                  startTimeUnixNano: "1000000"
                  timeUnixNano: "2000000"
            name: oracledb.tablespace_size.usage
            unit: By
          - description: Maximum limit of active transactions, -1 if unlimited.
            gauge:
              dataPoints:
                - asInt: "-1"
                  startTimeUnixNano: "1000000"
                  timeUnixNano: "2000000"
            name: oracledb.transactions.limit
            unit: '{transactions}'
          - description: Current count of active transactions.
            gauge:
              dataPoints:
                - asInt: "0"
                  startTimeUnixNano: "1000000"
                  timeUnixNano: "2000000"
            name: oracledb.transactions.usage
            unit: '{transactions}'
          - description: Number of user commits. When a user commits a transaction, the redo generated that reflects the changes made to database blocks must be written to disk. Commits often represent the closest thing to a user transaction rate.
            name: oracledb.user_commits
            sum:
              aggregationTemporality: 2
              dataPoints:
                - asInt: "32"
                  startTimeUnixNano: "1000000"
                  timeUnixNano: "2000000"
              isMonotonic: true
            unit: '{commits}'
          - description: Number of times users manually issue the ROLLBACK statement or an error occurs during a user's transactions
            name: oracledb.user_rollbacks
            sum:
              aggregationTemporality: 2
              dataPoints:
                - asInt: "3"
                  startTimeUnixNano: "1000000"
                  timeUnixNano: "2000000"
              isMonotonic: true
            unit: "1"
        scope:
          name: github.com/open-telemetry/opentelemetry-collector-contrib/receiver/oracledbreceiver
          version: v0.99.0