resourceMetrics:
  - resource: {}
    scopeMetrics:
      - metrics:
          - gauge:
              dataPoints:
                - asInt: "1"
                  attributes:
                    - key: dsname
                      value:
                        stringValue: value
                    - key: host
                      value:
                        stringValue: docker-desktop
                    - key: plugin
                      value:
                        stringValue: nginx
                    - key: system.type
                      value:
                        stringValue: nginx
                  timeUnixNano: "1000000"
            name: nginx_connections.active
          - name: connections.accepted
            sum:
              aggregationTemporality: 2
              dataPoints:
                - asInt: "2"
                  attributes:
                    - key: dsname
                      value:
                        stringValue: value
                    - key: host
                      value:
                        stringValue: docker-desktop
                    - key: plugin
                      value:
                        stringValue: nginx
                    - key: system.type
                      value:
                        stringValue: nginx
                  timeUnixNano: "1000000"
              isMonotonic: true
          - name: connections.handled
            sum:
              aggregationTemporality: 2
              dataPoints:
                - asInt: "2"
                  attributes:
                    - key: dsname
                      value:
                        stringValue: value
                    - key: host
                      value:
                        stringValue: docker-desktop
                    - key: plugin
                      value:
                        stringValue: nginx
                    - key: system.type
                      value:
                        stringValue: nginx
                  timeUnixNano: "1000000"
              isMonotonic: true
          - name: connections.failed
            sum:
              aggregationTemporality: 2
              dataPoints:
                - asInt: "0"
                  attributes:
                    - key: dsname
                      value:
                        stringValue: value
                    - key: host
                      value:
                        stringValue: docker-desktop
                    - key: plugin
                      value:
                        stringValue: nginx
                    - key: system.type
                      value:
                        stringValue: nginx
                  timeUnixNano: "1000000"
              isMonotonic: true
          - gauge:
              dataPoints:
                - asInt: "0"
                  attributes:
                    - key: dsname
                      value:
                        stringValue: value
                    - key: host
                      value:
                        stringValue: docker-desktop
                    - key: plugin
                      value:
                        stringValue: nginx
                    - key: system.type
                      value:
                        stringValue: nginx
                  timeUnixNano: "1000000"
            name: nginx_connections.reading
          - name: nginx_requests
            sum:
              aggregationTemporality: 2
              dataPoints:
                - asInt: "34"
                  attributes:
                    - key: dsname
                      value:
                        stringValue: value
                    - key: host
                      value:
                        stringValue: docker-desktop
                    - key: plugin
                      value:
                        stringValue: nginx
                    - key: system.type
                      value:
                        stringValue: nginx
                  timeUnixNano: "1000000"
              isMonotonic: true
          - gauge:
              dataPoints:
                - asInt: "0"
                  attributes:
                    - key: dsname
                      value:
                        stringValue: value
                    - key: host
                      value:
                        stringValue: docker-desktop
                    - key: plugin
                      value:
                        stringValue: nginx
                    - key: system.type
                      value:
                        stringValue: nginx
                  timeUnixNano: "1000000"
            name: nginx_connections.waiting
          - gauge:
              dataPoints:
                - asInt: "1"
                  attributes:
                    - key: dsname
                      value:
                        stringValue: value
                    - key: host
                      value:
                        stringValue: docker-desktop
                    - key: plugin
                      value:
                        stringValue: nginx
                    - key: system.type
                      value:
                        stringValue: nginx
                  timeUnixNano: "1000000"
            name: nginx_connections.writing
          - gauge:
              dataPoints:
                - asInt: "1"
                  attributes:
                    - key: dsname
                      value:
                        stringValue: value
                    - key: host
                      value:
                        stringValue: docker-desktop
                    - key: plugin
                      value:
                        stringValue: nginx
                    - key: system.type
                      value:
                        stringValue: nginx
                  timeUnixNano: "1000000"
            name: nginx_connections.active
          - name: connections.accepted
            sum:
              aggregationTemporality: 2
              dataPoints:
                - asInt: "2"
                  attributes:
                    - key: dsname
                      value:
                        stringValue: value
                    - key: host
                      value:
                        stringValue: docker-desktop
                    - key: plugin
                      value:
                        stringValue: nginx
                    - key: system.type
                      value:
                        stringValue: nginx
                  timeUnixNano: "1000000"
              isMonotonic: true
          - name: connections.failed
            sum:
              aggregationTemporality: 2
              dataPoints:
                - asInt: "0"
                  attributes:
                    - key: dsname
                      value:
                        stringValue: value
                    - key: host
                      value:
                        stringValue: docker-desktop
                    - key: plugin
                      value:
                        stringValue: nginx
                    - key: system.type
                      value:
                        stringValue: nginx
                  timeUnixNano: "1000000"
              isMonotonic: true
          - name: nginx_requests
            sum:
              aggregationTemporality: 2
              dataPoints:
                - asInt: "35"
                  attributes:
                    - key: dsname
                      value:
                        stringValue: value
                    - key: host
                      value:
                        stringValue: docker-desktop
                    - key: plugin
                      value:
                        stringValue: nginx
                    - key: system.type
                      value:
                        stringValue: nginx
                  timeUnixNano: "1000000"
              isMonotonic: true
          - gauge:
              dataPoints:
                - asInt: "0"
                  attributes:
                    - key: dsname
                      value:
                        stringValue: value
                    - key: host
                      value:
                        stringValue: docker-desktop
                    - key: plugin
                      value:
                        stringValue: nginx
                    - key: system.type
                      value:
                        stringValue: nginx
                  timeUnixNano: "1000000"
            name: nginx_connections.reading
          - gauge:
              dataPoints:
                - asInt: "1"
                  attributes:
                    - key: dsname
                      value:
                        stringValue: value
                    - key: host
                      value:
                        stringValue: docker-desktop
                    - key: plugin
                      value:
                        stringValue: nginx
                    - key: system.type
                      value:
                        stringValue: nginx
                  timeUnixNano: "1000000"
            name: nginx_connections.writing
          - gauge:
              dataPoints:
                - asInt: "0"
                  attributes:
                    - key: dsname
                      value:
                        stringValue: value
                    - key: host
                      value:
                        stringValue: docker-desktop
                    - key: plugin
                      value:
                        stringValue: nginx
                    - key: system.type
                      value:
                        stringValue: nginx
                  timeUnixNano: "1000000"
            name: nginx_connections.waiting
          - name: connections.handled
            sum:
              aggregationTemporality: 2
              dataPoints:
                - asInt: "2"
                  attributes:
                    - key: dsname
                      value:
                        stringValue: value
                    - key: host
                      value:
                        stringValue: docker-desktop
                    - key: plugin
                      value:
                        stringValue: nginx
                    - key: system.type
                      value:
                        stringValue: nginx
                  timeUnixNano: "1000000"
              isMonotonic: true
        scope: {}
