receivers:
  otlp:
    protocols:
      grpc:
      http:
service:
  extensions: []
  pipelines:
    metrics:
      receivers: [otlp]