resourceLogs:
  - resource: {}
    scopeLogs:
      - logRecords:
          - attributes:
              - key: otel.entity.event.type
                value:
                  stringValue: entity_state
              - key: otel.entity.type
                value:
                  stringValue: service
              - key: otel.entity.attributes
                value:
                  kvlistValue:
                    values:
                      - key: process_name
                        value:
                          stringValue: otelcol
                      - key: command
                        value:
                          stringValue: /otelcol --config /etc/config.yaml
                      - key: is_ipv6
                        value:
                          boolValue: true
                      - key: service.name
                        value:
                          stringValue: otelcol
                      - key: transport
                        value:
                          stringValue: TCP
                      - key: type
                        value:
                          stringValue: hostport
                      - key: discovery.endpoint.id
                        value:
                          stringValue: (host_observer)[::]-4318-TCP-1
                      - key: endpoint
                        value:
                          stringValue: '[::]:4318'
                      - key: discovery.observer.name
                        value:
                          stringValue: ""
                      - key: discovery.observer.type
                        value:
                          stringValue: host_observer
                      - key: discovery.message
                        value:
                          stringValue: (strict) Port appears to not be serving prometheus metrics
                      - key: discovery.matched_log
                        value:
                          stringValue: Failed to scrape Prometheus endpoint
                      - key: discovery.status
                        value:
                          stringValue: failed
                      - key: discovery.observer.id
                        value:
                          stringValue: host_observer
                      - key: discovery.receiver.config
                        value:
                          stringValue: cmVjZWl2ZXJzOgogIHByb21ldGhldXNfc2ltcGxlOgogICAgY29uZmlnOiB7fQogICAgcmVzb3VyY2VfYXR0cmlidXRlczoKICAgICAgb25lLmtleTogb25lLnZhbHVlCiAgICAgIHR3by5rZXk6IHR3by52YWx1ZQogICAgcnVsZTogdHlwZSA9PSAiaG9zdHBvcnQiIGFuZCBjb21tYW5kIGNvbnRhaW5zICJvdGVsY29sIgp3YXRjaF9vYnNlcnZlcnM6Ci0gaG9zdF9vYnNlcnZlcgo=
                      - key: discovery.receiver.type
                        value:
                          stringValue: prometheus_simple
                      - key: discovery.receiver.name
                        value:
                          stringValue: ""
                      - key: service.type
                        value:
                          stringValue: prometheus_simple
              - key: otel.entity.id
                value:
                  kvlistValue:
                    values:
                      - key: source.port
                        value:
                          intValue: "4318"
            body: {}
            spanId: ""
            timeUnixNano: "1728086004036159048"
            traceId: ""
        scope:
          attributes:
            - key: otel.entity.event_as_log
              value:
                boolValue: true
