single_line:
  ex0:
  ex1:
    p0: true
    p1: a string with spaces
    p3: 42
