resourceMetrics:
  - resource: {}
    schemaUrl: https://opentelemetry.io/schemas/1.9.0
    scopeMetrics:
      - metrics:
          - description: Bytes of memory in use.
            name: system.memory.usage
            sum:
              aggregationTemporality: 2
              dataPoints:
                - asInt: "224563200"
                  attributes:
                    - key: decuple-dollar
                      value:
                        stringValue: $$$$an-envvar-value-suffix
                    - key: decuple-dollar-no-curly-braces
                      value:
                        stringValue: prefix-$$$$$env:AN_ENVVAR
                    - key: double-dollar
                      value:
                        stringValue: an-envvar-value-suffix
                    - key: double-dollar-no-curly-braces
                      value:
                        stringValue: prefix-$env:AN_ENVVAR
                    - key: nonuple-dollar
                      value:
                        stringValue: $$$$an-envvar-value-suffix
                    - key: nonuple-dollar-no-curly-braces
                      value:
                        stringValue: prefix-$$$$an-envvar-value
                    - key: octuple-dollar
                      value:
                        stringValue: $$$${env:AN_ENVVAR}-suffix
                    - key: octuple-dollar-no-curly-braces
                      value:
                        stringValue: prefix-$$$$env:AN_ENVVAR
                    - key: quadruple-dollar
                      value:
                        stringValue: $${env:AN_ENVVAR}-suffix
                    - key: quadruple-dollar-no-curly-braces
                      value:
                        stringValue: prefix-$$env:AN_ENVVAR
                    - key: quintuple-dollar
                      value:
                        stringValue: $$an-envvar-value-suffix
                    - key: quintuple-dollar-no-curly-braces
                      value:
                        stringValue: prefix-$$an-envvar-value
                    - key: septuple-dollar
                      value:
                        stringValue: $$$an-envvar-value-suffix
                    - key: septuple-dollar-no-curly-braces
                      value:
                        stringValue: prefix-$$$an-envvar-value
                    - key: sextuple-dollar
                      value:
                        stringValue: $$an-envvar-value-suffix
                    - key: sextuple-dollar-no-curly-braces
                      value:
                        stringValue: prefix-$$$env:AN_ENVVAR
                    - key: single-dollar
                      value:
                        stringValue: an-envvar-value-suffix
                    - key: single-dollar-no-curly-braces
                      value:
                        stringValue: prefix-an-envvar-value
                    - key: state
                      value:
                        stringValue: buffered
                    - key: triple-dollar
                      value:
                        stringValue: $an-envvar-value-suffix
                    - key: triple-dollar-no-curly-braces
                      value:
                        stringValue: prefix-$an-envvar-value
                  startTimeUnixNano: "1000000"
                  timeUnixNano: "2000000"
                - asInt: "4355174400"
                  attributes:
                    - key: decuple-dollar
                      value:
                        stringValue: $$$$an-envvar-value-suffix
                    - key: decuple-dollar-no-curly-braces
                      value:
                        stringValue: prefix-$$$$$env:AN_ENVVAR
                    - key: double-dollar
                      value:
                        stringValue: an-envvar-value-suffix
                    - key: double-dollar-no-curly-braces
                      value:
                        stringValue: prefix-$env:AN_ENVVAR
                    - key: nonuple-dollar
                      value:
                        stringValue: $$$$an-envvar-value-suffix
                    - key: nonuple-dollar-no-curly-braces
                      value:
                        stringValue: prefix-$$$$an-envvar-value
                    - key: octuple-dollar
                      value:
                        stringValue: $$$${env:AN_ENVVAR}-suffix
                    - key: octuple-dollar-no-curly-braces
                      value:
                        stringValue: prefix-$$$$env:AN_ENVVAR
                    - key: quadruple-dollar
                      value:
                        stringValue: $${env:AN_ENVVAR}-suffix
                    - key: quadruple-dollar-no-curly-braces
                      value:
                        stringValue: prefix-$$env:AN_ENVVAR
                    - key: quintuple-dollar
                      value:
                        stringValue: $$an-envvar-value-suffix
                    - key: quintuple-dollar-no-curly-braces
                      value:
                        stringValue: prefix-$$an-envvar-value
                    - key: septuple-dollar
                      value:
                        stringValue: $$$an-envvar-value-suffix
                    - key: septuple-dollar-no-curly-braces
                      value:
                        stringValue: prefix-$$$an-envvar-value
                    - key: sextuple-dollar
                      value:
                        stringValue: $$an-envvar-value-suffix
                    - key: sextuple-dollar-no-curly-braces
                      value:
                        stringValue: prefix-$$$env:AN_ENVVAR
                    - key: single-dollar
                      value:
                        stringValue: an-envvar-value-suffix
                    - key: single-dollar-no-curly-braces
                      value:
                        stringValue: prefix-an-envvar-value
                    - key: state
                      value:
                        stringValue: cached
                    - key: triple-dollar
                      value:
                        stringValue: $an-envvar-value-suffix
                    - key: triple-dollar-no-curly-braces
                      value:
                        stringValue: prefix-$an-envvar-value
                  startTimeUnixNano: "1000000"
                  timeUnixNano: "2000000"
                - asInt: "3182825472"
                  attributes:
                    - key: decuple-dollar
                      value:
                        stringValue: $$$$an-envvar-value-suffix
                    - key: decuple-dollar-no-curly-braces
                      value:
                        stringValue: prefix-$$$$$env:AN_ENVVAR
                    - key: double-dollar
                      value:
                        stringValue: an-envvar-value-suffix
                    - key: double-dollar-no-curly-braces
                      value:
                        stringValue: prefix-$env:AN_ENVVAR
                    - key: nonuple-dollar
                      value:
                        stringValue: $$$$an-envvar-value-suffix
                    - key: nonuple-dollar-no-curly-braces
                      value:
                        stringValue: prefix-$$$$an-envvar-value
                    - key: octuple-dollar
                      value:
                        stringValue: $$$${env:AN_ENVVAR}-suffix
                    - key: octuple-dollar-no-curly-braces
                      value:
                        stringValue: prefix-$$$$env:AN_ENVVAR
                    - key: quadruple-dollar
                      value:
                        stringValue: $${env:AN_ENVVAR}-suffix
                    - key: quadruple-dollar-no-curly-braces
                      value:
                        stringValue: prefix-$$env:AN_ENVVAR
                    - key: quintuple-dollar
                      value:
                        stringValue: $$an-envvar-value-suffix
                    - key: quintuple-dollar-no-curly-braces
                      value:
                        stringValue: prefix-$$an-envvar-value
                    - key: septuple-dollar
                      value:
                        stringValue: $$$an-envvar-value-suffix
                    - key: septuple-dollar-no-curly-braces
                      value:
                        stringValue: prefix-$$$an-envvar-value
                    - key: sextuple-dollar
                      value:
                        stringValue: $$an-envvar-value-suffix
                    - key: sextuple-dollar-no-curly-braces
                      value:
                        stringValue: prefix-$$$env:AN_ENVVAR
                    - key: single-dollar
                      value:
                        stringValue: an-envvar-value-suffix
                    - key: single-dollar-no-curly-braces
                      value:
                        stringValue: prefix-an-envvar-value
                    - key: state
                      value:
                        stringValue: free
                    - key: triple-dollar
                      value:
                        stringValue: $an-envvar-value-suffix
                    - key: triple-dollar-no-curly-braces
                      value:
                        stringValue: prefix-$an-envvar-value
                  startTimeUnixNano: "1000000"
                  timeUnixNano: "2000000"
                - asInt: "250474496"
                  attributes:
                    - key: decuple-dollar
                      value:
                        stringValue: $$$$an-envvar-value-suffix
                    - key: decuple-dollar-no-curly-braces
                      value:
                        stringValue: prefix-$$$$$env:AN_ENVVAR
                    - key: double-dollar
                      value:
                        stringValue: an-envvar-value-suffix
                    - key: double-dollar-no-curly-braces
                      value:
                        stringValue: prefix-$env:AN_ENVVAR
                    - key: nonuple-dollar
                      value:
                        stringValue: $$$$an-envvar-value-suffix
                    - key: nonuple-dollar-no-curly-braces
                      value:
                        stringValue: prefix-$$$$an-envvar-value
                    - key: octuple-dollar
                      value:
                        stringValue: $$$${env:AN_ENVVAR}-suffix
                    - key: octuple-dollar-no-curly-braces
                      value:
                        stringValue: prefix-$$$$env:AN_ENVVAR
                    - key: quadruple-dollar
                      value:
                        stringValue: $${env:AN_ENVVAR}-suffix
                    - key: quadruple-dollar-no-curly-braces
                      value:
                        stringValue: prefix-$$env:AN_ENVVAR
                    - key: quintuple-dollar
                      value:
                        stringValue: $$an-envvar-value-suffix
                    - key: quintuple-dollar-no-curly-braces
                      value:
                        stringValue: prefix-$$an-envvar-value
                    - key: septuple-dollar
                      value:
                        stringValue: $$$an-envvar-value-suffix
                    - key: septuple-dollar-no-curly-braces
                      value:
                        stringValue: prefix-$$$an-envvar-value
                    - key: sextuple-dollar
                      value:
                        stringValue: $$an-envvar-value-suffix
                    - key: sextuple-dollar-no-curly-braces
                      value:
                        stringValue: prefix-$$$env:AN_ENVVAR
                    - key: single-dollar
                      value:
                        stringValue: an-envvar-value-suffix
                    - key: single-dollar-no-curly-braces
                      value:
                        stringValue: prefix-an-envvar-value
                    - key: state
                      value:
                        stringValue: slab_reclaimable
                    - key: triple-dollar
                      value:
                        stringValue: $an-envvar-value-suffix
                    - key: triple-dollar-no-curly-braces
                      value:
                        stringValue: prefix-$an-envvar-value
                  startTimeUnixNano: "1000000"
                  timeUnixNano: "2000000"
                - asInt: "73023488"
                  attributes:
                    - key: decuple-dollar
                      value:
                        stringValue: $$$$an-envvar-value-suffix
                    - key: decuple-dollar-no-curly-braces
                      value:
                        stringValue: prefix-$$$$$env:AN_ENVVAR
                    - key: double-dollar
                      value:
                        stringValue: an-envvar-value-suffix
                    - key: double-dollar-no-curly-braces
                      value:
                        stringValue: prefix-$env:AN_ENVVAR
                    - key: nonuple-dollar
                      value:
                        stringValue: $$$$an-envvar-value-suffix
                    - key: nonuple-dollar-no-curly-braces
                      value:
                        stringValue: prefix-$$$$an-envvar-value
                    - key: octuple-dollar
                      value:
                        stringValue: $$$${env:AN_ENVVAR}-suffix
                    - key: octuple-dollar-no-curly-braces
                      value:
                        stringValue: prefix-$$$$env:AN_ENVVAR
                    - key: quadruple-dollar
                      value:
                        stringValue: $${env:AN_ENVVAR}-suffix
                    - key: quadruple-dollar-no-curly-braces
                      value:
                        stringValue: prefix-$$env:AN_ENVVAR
                    - key: quintuple-dollar
                      value:
                        stringValue: $$an-envvar-value-suffix
                    - key: quintuple-dollar-no-curly-braces
                      value:
                        stringValue: prefix-$$an-envvar-value
                    - key: septuple-dollar
                      value:
                        stringValue: $$$an-envvar-value-suffix
                    - key: septuple-dollar-no-curly-braces
                      value:
                        stringValue: prefix-$$$an-envvar-value
                    - key: sextuple-dollar
                      value:
                        stringValue: $$an-envvar-value-suffix
                    - key: sextuple-dollar-no-curly-braces
                      value:
                        stringValue: prefix-$$$env:AN_ENVVAR
                    - key: single-dollar
                      value:
                        stringValue: an-envvar-value-suffix
                    - key: single-dollar-no-curly-braces
                      value:
                        stringValue: prefix-an-envvar-value
                    - key: state
                      value:
                        stringValue: slab_unreclaimable
                    - key: triple-dollar
                      value:
                        stringValue: $an-envvar-value-suffix
                    - key: triple-dollar-no-curly-braces
                      value:
                        stringValue: prefix-$an-envvar-value
                  startTimeUnixNano: "1000000"
                  timeUnixNano: "2000000"
                - asInt: "4770893824"
                  attributes:
                    - key: decuple-dollar
                      value:
                        stringValue: $$$$an-envvar-value-suffix
                    - key: decuple-dollar-no-curly-braces
                      value:
                        stringValue: prefix-$$$$$env:AN_ENVVAR
                    - key: double-dollar
                      value:
                        stringValue: an-envvar-value-suffix
                    - key: double-dollar-no-curly-braces
                      value:
                        stringValue: prefix-$env:AN_ENVVAR
                    - key: nonuple-dollar
                      value:
                        stringValue: $$$$an-envvar-value-suffix
                    - key: nonuple-dollar-no-curly-braces
                      value:
                        stringValue: prefix-$$$$an-envvar-value
                    - key: octuple-dollar
                      value:
                        stringValue: $$$${env:AN_ENVVAR}-suffix
                    - key: octuple-dollar-no-curly-braces
                      value:
                        stringValue: prefix-$$$$env:AN_ENVVAR
                    - key: quadruple-dollar
                      value:
                        stringValue: $${env:AN_ENVVAR}-suffix
                    - key: quadruple-dollar-no-curly-braces
                      value:
                        stringValue: prefix-$$env:AN_ENVVAR
                    - key: quintuple-dollar
                      value:
                        stringValue: $$an-envvar-value-suffix
                    - key: quintuple-dollar-no-curly-braces
                      value:
                        stringValue: prefix-$$an-envvar-value
                    - key: septuple-dollar
                      value:
                        stringValue: $$$an-envvar-value-suffix
                    - key: septuple-dollar-no-curly-braces
                      value:
                        stringValue: prefix-$$$an-envvar-value
                    - key: sextuple-dollar
                      value:
                        stringValue: $$an-envvar-value-suffix
                    - key: sextuple-dollar-no-curly-braces
                      value:
                        stringValue: prefix-$$$env:AN_ENVVAR
                    - key: single-dollar
                      value:
                        stringValue: an-envvar-value-suffix
                    - key: single-dollar-no-curly-braces
                      value:
                        stringValue: prefix-an-envvar-value
                    - key: state
                      value:
                        stringValue: used
                    - key: triple-dollar
                      value:
                        stringValue: $an-envvar-value-suffix
                    - key: triple-dollar-no-curly-braces
                      value:
                        stringValue: prefix-$an-envvar-value
                  startTimeUnixNano: "1000000"
                  timeUnixNano: "2000000"
            unit: By
        scope:
          name: otelcol/hostmetricsreceiver/memory
          version: v0.97.0
