resourceMetrics:
  - resource: {}
    schemaUrl: https://opentelemetry.io/schemas/1.9.0
    scopeMetrics:
      - metrics:
          - description: Bytes of memory in use.
            name: system.memory.usage
            sum:
              aggregationTemporality: 2
              dataPoints:
                - asInt: "226607104"
                  attributes:
                    - key: decuple-dollar-curly-braces
                      value:
                        stringValue: $$$$${AN_ENVVAR}-$$$$$-suffix $$$$$
                    - key: double-dollar-curly-braces
                      value:
                        stringValue: ${AN_ENVVAR}-$-suffix $
                    - key: nonuple-dollar-curly-braces
                      value:
                        stringValue: $$$$an-envvar-value-$$$$$-suffix $$$$$
                    - key: octuple-dollar-curly-braces
                      value:
                        stringValue: $$$${AN_ENVVAR}-$$$$-suffix $$$$
                    - key: quadruple-dollar-curly-braces
                      value:
                        stringValue: $${AN_ENVVAR}-$$-suffix $$
                    - key: quintuple-dollar-curly-braces
                      value:
                        stringValue: $$an-envvar-value-$$$-suffix $$$
                    - key: septuple-dollar-curly-braces
                      value:
                        stringValue: $$$an-envvar-value-$$$$-suffix $$$$
                    - key: sextuple-dollar-curly-braces
                      value:
                        stringValue: $$${AN_ENVVAR}-$$$-suffix $$$
                    - key: single-dollar-curly-braces
                      value:
                        stringValue: an-envvar-value-$-suffix $
                    - key: state
                      value:
                        stringValue: buffered
                    - key: triple-dollar-curly-braces
                      value:
                        stringValue: $an-envvar-value-$$-suffix $$
                  startTimeUnixNano: "1000000"
                  timeUnixNano: "2000000"
                - asInt: "4355420160"
                  attributes:
                    - key: decuple-dollar-curly-braces
                      value:
                        stringValue: $$$$${AN_ENVVAR}-$$$$$-suffix $$$$$
                    - key: double-dollar-curly-braces
                      value:
                        stringValue: ${AN_ENVVAR}-$-suffix $
                    - key: nonuple-dollar-curly-braces
                      value:
                        stringValue: $$$$an-envvar-value-$$$$$-suffix $$$$$
                    - key: octuple-dollar-curly-braces
                      value:
                        stringValue: $$$${AN_ENVVAR}-$$$$-suffix $$$$
                    - key: quadruple-dollar-curly-braces
                      value:
                        stringValue: $${AN_ENVVAR}-$$-suffix $$
                    - key: quintuple-dollar-curly-braces
                      value:
                        stringValue: $$an-envvar-value-$$$-suffix $$$
                    - key: septuple-dollar-curly-braces
                      value:
                        stringValue: $$$an-envvar-value-$$$$-suffix $$$$
                    - key: sextuple-dollar-curly-braces
                      value:
                        stringValue: $$${AN_ENVVAR}-$$$-suffix $$$
                    - key: single-dollar-curly-braces
                      value:
                        stringValue: an-envvar-value-$-suffix $
                    - key: state
                      value:
                        stringValue: cached
                    - key: triple-dollar-curly-braces
                      value:
                        stringValue: $an-envvar-value-$$-suffix $$
                  startTimeUnixNano: "1000000"
                  timeUnixNano: "2000000"
                - asInt: "3154911232"
                  attributes:
                    - key: decuple-dollar-curly-braces
                      value:
                        stringValue: $$$$${AN_ENVVAR}-$$$$$-suffix $$$$$
                    - key: double-dollar-curly-braces
                      value:
                        stringValue: ${AN_ENVVAR}-$-suffix $
                    - key: nonuple-dollar-curly-braces
                      value:
                        stringValue: $$$$an-envvar-value-$$$$$-suffix $$$$$
                    - key: octuple-dollar-curly-braces
                      value:
                        stringValue: $$$${AN_ENVVAR}-$$$$-suffix $$$$
                    - key: quadruple-dollar-curly-braces
                      value:
                        stringValue: $${AN_ENVVAR}-$$-suffix $$
                    - key: quintuple-dollar-curly-braces
                      value:
                        stringValue: $$an-envvar-value-$$$-suffix $$$
                    - key: septuple-dollar-curly-braces
                      value:
                        stringValue: $$$an-envvar-value-$$$$-suffix $$$$
                    - key: sextuple-dollar-curly-braces
                      value:
                        stringValue: $$${AN_ENVVAR}-$$$-suffix $$$
                    - key: single-dollar-curly-braces
                      value:
                        stringValue: an-envvar-value-$-suffix $
                    - key: state
                      value:
                        stringValue: free
                    - key: triple-dollar-curly-braces
                      value:
                        stringValue: $an-envvar-value-$$-suffix $$
                  startTimeUnixNano: "1000000"
                  timeUnixNano: "2000000"
                - asInt: "251011072"
                  attributes:
                    - key: decuple-dollar-curly-braces
                      value:
                        stringValue: $$$$${AN_ENVVAR}-$$$$$-suffix $$$$$
                    - key: double-dollar-curly-braces
                      value:
                        stringValue: ${AN_ENVVAR}-$-suffix $
                    - key: nonuple-dollar-curly-braces
                      value:
                        stringValue: $$$$an-envvar-value-$$$$$-suffix $$$$$
                    - key: octuple-dollar-curly-braces
                      value:
                        stringValue: $$$${AN_ENVVAR}-$$$$-suffix $$$$
                    - key: quadruple-dollar-curly-braces
                      value:
                        stringValue: $${AN_ENVVAR}-$$-suffix $$
                    - key: quintuple-dollar-curly-braces
                      value:
                        stringValue: $$an-envvar-value-$$$-suffix $$$
                    - key: septuple-dollar-curly-braces
                      value:
                        stringValue: $$$an-envvar-value-$$$$-suffix $$$$
                    - key: sextuple-dollar-curly-braces
                      value:
                        stringValue: $$${AN_ENVVAR}-$$$-suffix $$$
                    - key: single-dollar-curly-braces
                      value:
                        stringValue: an-envvar-value-$-suffix $
                    - key: state
                      value:
                        stringValue: slab_reclaimable
                    - key: triple-dollar-curly-braces
                      value:
                        stringValue: $an-envvar-value-$$-suffix $$
                  startTimeUnixNano: "1000000"
                  timeUnixNano: "2000000"
                - asInt: "73723904"
                  attributes:
                    - key: decuple-dollar-curly-braces
                      value:
                        stringValue: $$$$${AN_ENVVAR}-$$$$$-suffix $$$$$
                    - key: double-dollar-curly-braces
                      value:
                        stringValue: ${AN_ENVVAR}-$-suffix $
                    - key: nonuple-dollar-curly-braces
                      value:
                        stringValue: $$$$an-envvar-value-$$$$$-suffix $$$$$
                    - key: octuple-dollar-curly-braces
                      value:
                        stringValue: $$$${AN_ENVVAR}-$$$$-suffix $$$$
                    - key: quadruple-dollar-curly-braces
                      value:
                        stringValue: $${AN_ENVVAR}-$$-suffix $$
                    - key: quintuple-dollar-curly-braces
                      value:
                        stringValue: $$an-envvar-value-$$$-suffix $$$
                    - key: septuple-dollar-curly-braces
                      value:
                        stringValue: $$$an-envvar-value-$$$$-suffix $$$$
                    - key: sextuple-dollar-curly-braces
                      value:
                        stringValue: $$${AN_ENVVAR}-$$$-suffix $$$
                    - key: single-dollar-curly-braces
                      value:
                        stringValue: an-envvar-value-$-suffix $
                    - key: state
                      value:
                        stringValue: slab_unreclaimable
                    - key: triple-dollar-curly-braces
                      value:
                        stringValue: $an-envvar-value-$$-suffix $$
                  startTimeUnixNano: "1000000"
                  timeUnixNano: "2000000"
                - asInt: "4796518400"
                  attributes:
                    - key: decuple-dollar-curly-braces
                      value:
                        stringValue: $$$$${AN_ENVVAR}-$$$$$-suffix $$$$$
                    - key: double-dollar-curly-braces
                      value:
                        stringValue: ${AN_ENVVAR}-$-suffix $
                    - key: nonuple-dollar-curly-braces
                      value:
                        stringValue: $$$$an-envvar-value-$$$$$-suffix $$$$$
                    - key: octuple-dollar-curly-braces
                      value:
                        stringValue: $$$${AN_ENVVAR}-$$$$-suffix $$$$
                    - key: quadruple-dollar-curly-braces
                      value:
                        stringValue: $${AN_ENVVAR}-$$-suffix $$
                    - key: quintuple-dollar-curly-braces
                      value:
                        stringValue: $$an-envvar-value-$$$-suffix $$$
                    - key: septuple-dollar-curly-braces
                      value:
                        stringValue: $$$an-envvar-value-$$$$-suffix $$$$
                    - key: sextuple-dollar-curly-braces
                      value:
                        stringValue: $$${AN_ENVVAR}-$$$-suffix $$$
                    - key: single-dollar-curly-braces
                      value:
                        stringValue: an-envvar-value-$-suffix $
                    - key: state
                      value:
                        stringValue: used
                    - key: triple-dollar-curly-braces
                      value:
                        stringValue: $an-envvar-value-$$-suffix $$
                  startTimeUnixNano: "1000000"
                  timeUnixNano: "2000000"
            unit: By
        scope:
          name: github.com/open-telemetry/opentelemetry-collector-contrib/receiver/hostmetricsreceiver/internal/scraper/memoryscraper
          version: v0.97.0
