resourceMetrics:
  - resource:
      attributes:
        - key: url.scheme
          value:
            stringValue: http
        - key: server.port
          value:
            stringValue: "8888"
        - key: service.instance.id
          value:
            stringValue: dae83d4f-5546-4ffd-9568-357d1ef0db7d
        - key: service.name
          value:
            stringValue: otelcol
        - key: service.version
          value:
            stringValue: v0.120.0-13-ga4dd36d9f
        - key: url.scheme
          value:
            stringValue: http
    scopeMetrics:
      - metrics:
          - description: Number of metric points in failed attempts to send to destination. [alpha]
            metadata:
              - key: prometheus.type
                value:
                  stringValue: counter
            name: otelcol_exporter_send_failed_metric_points
            sum:
              aggregationTemporality: 2
              dataPoints:
                - asDouble: 0
                  attributes:
                    - key: exporter
                      value:
                        stringValue: otlp
                    - key: service.instance.id
                      value:
                        stringValue: dae83d4f-5546-4ffd-9568-357d1ef0db7d
                    - key: service.name
                      value:
                        stringValue: otelcol
                    - key: service.version
                      value:
                        stringValue: v0.120.0-13-ga4dd36d9f
                  startTimeUnixNano: "1000000"
                  timeUnixNano: "2000000"
              isMonotonic: true
          - description: Number of metric points successfully sent to destination. [alpha]
            metadata:
              - key: prometheus.type
                value:
                  stringValue: counter
            name: otelcol_exporter_sent_metric_points
            sum:
              aggregationTemporality: 2
              dataPoints:
                - asDouble: 234
                  attributes:
                    - key: exporter
                      value:
                        stringValue: otlp
                    - key: service.instance.id
                      value:
                        stringValue: dae83d4f-5546-4ffd-9568-357d1ef0db7d
                    - key: service.name
                      value:
                        stringValue: otelcol
                    - key: service.version
                      value:
                        stringValue: v0.120.0-13-ga4dd36d9f
                  startTimeUnixNano: "1000000"
                  timeUnixNano: "2000000"
              isMonotonic: true
          - description: Total CPU user and system time in seconds [alpha]
            metadata:
              - key: prometheus.type
                value:
                  stringValue: counter
            name: otelcol_process_cpu_seconds
            sum:
              aggregationTemporality: 2
              dataPoints:
                - asDouble: 0.84
                  attributes:
                    - key: service.instance.id
                      value:
                        stringValue: dae83d4f-5546-4ffd-9568-357d1ef0db7d
                    - key: service.name
                      value:
                        stringValue: otelcol
                    - key: service.version
                      value:
                        stringValue: v0.120.0-13-ga4dd36d9f
                  startTimeUnixNano: "1000000"
                  timeUnixNano: "2000000"
              isMonotonic: true
          - description: Total bytes of memory obtained from the OS (see 'go doc runtime.MemStats.Sys') [alpha]
            gauge:
              dataPoints:
                - asDouble: 4.9370376e+07
                  attributes:
                    - key: service.instance.id
                      value:
                        stringValue: dae83d4f-5546-4ffd-9568-357d1ef0db7d
                    - key: service.name
                      value:
                        stringValue: otelcol
                    - key: service.version
                      value:
                        stringValue: v0.120.0-13-ga4dd36d9f
                  timeUnixNano: "1000000"
            metadata:
              - key: prometheus.type
                value:
                  stringValue: gauge
            name: otelcol_process_runtime_total_sys_memory_bytes
          - description: Current size of the retry queue (in batches) [alpha]
            gauge:
              dataPoints:
                - asDouble: 0
                  attributes:
                    - key: data_type
                      value:
                        stringValue: metrics
                    - key: exporter
                      value:
                        stringValue: otlp
                    - key: service.instance.id
                      value:
                        stringValue: dae83d4f-5546-4ffd-9568-357d1ef0db7d
                    - key: service.name
                      value:
                        stringValue: otelcol
                    - key: service.version
                      value:
                        stringValue: v0.120.0-13-ga4dd36d9f
                  timeUnixNano: "1000000"
            metadata:
              - key: prometheus.type
                value:
                  stringValue: gauge
            name: otelcol_exporter_queue_size
          - description: Total physical memory (resident set size) [alpha]
            gauge:
              dataPoints:
                - asDouble: 1.89022208e+08
                  attributes:
                    - key: service.instance.id
                      value:
                        stringValue: dae83d4f-5546-4ffd-9568-357d1ef0db7d
                    - key: service.name
                      value:
                        stringValue: otelcol
                    - key: service.version
                      value:
                        stringValue: v0.120.0-13-ga4dd36d9f
                  timeUnixNano: "1000000"
            metadata:
              - key: prometheus.type
                value:
                  stringValue: gauge
            name: otelcol_process_memory_rss
          - description: The scraping was successful
            gauge:
              dataPoints:
                - asDouble: 1
                  timeUnixNano: "1000000"
            metadata:
              - key: prometheus.type
                value:
                  stringValue: gauge
            name: up
          - description: Duration of the scrape
            gauge:
              dataPoints:
                - asDouble: 0.004274958
                  timeUnixNano: "1000000"
            metadata:
              - key: prometheus.type
                value:
                  stringValue: gauge
            name: scrape_duration_seconds
            unit: s
          - description: Fixed capacity of the retry queue (in batches) [alpha]
            gauge:
              dataPoints:
                - asDouble: 1000
                  attributes:
                    - key: data_type
                      value:
                        stringValue: metrics
                    - key: exporter
                      value:
                        stringValue: otlp
                    - key: service.instance.id
                      value:
                        stringValue: dae83d4f-5546-4ffd-9568-357d1ef0db7d
                    - key: service.name
                      value:
                        stringValue: otelcol
                    - key: service.version
                      value:
                        stringValue: v0.120.0-13-ga4dd36d9f
                  timeUnixNano: "1000000"
            metadata:
              - key: prometheus.type
                value:
                  stringValue: gauge
            name: otelcol_exporter_queue_capacity
          - description: Cumulative bytes allocated for heap objects (see 'go doc runtime.MemStats.TotalAlloc') [alpha]
            metadata:
              - key: prometheus.type
                value:
                  stringValue: counter
            name: otelcol_process_runtime_total_alloc_bytes
            sum:
              aggregationTemporality: 2
              dataPoints:
                - asDouble: 4.0894728e+07
                  attributes:
                    - key: service.instance.id
                      value:
                        stringValue: dae83d4f-5546-4ffd-9568-357d1ef0db7d
                    - key: service.name
                      value:
                        stringValue: otelcol
                    - key: service.version
                      value:
                        stringValue: v0.120.0-13-ga4dd36d9f
                  startTimeUnixNano: "1000000"
                  timeUnixNano: "2000000"
              isMonotonic: true
          - description: Uptime of the process [alpha]
            metadata:
              - key: prometheus.type
                value:
                  stringValue: counter
            name: otelcol_process_uptime
            sum:
              aggregationTemporality: 2
              dataPoints:
                - asDouble: 19.698130662
                  attributes:
                    - key: service.instance.id
                      value:
                        stringValue: dae83d4f-5546-4ffd-9568-357d1ef0db7d
                    - key: service.name
                      value:
                        stringValue: otelcol
                    - key: service.version
                      value:
                        stringValue: v0.120.0-13-ga4dd36d9f
                  startTimeUnixNano: "1000000"
                  timeUnixNano: "2000000"
              isMonotonic: true
          - description: Number of metric points that could not be pushed into the pipeline. [alpha]
            metadata:
              - key: prometheus.type
                value:
                  stringValue: counter
            name: otelcol_receiver_refused_metric_points
            sum:
              aggregationTemporality: 2
              dataPoints:
                - asDouble: 0
                  attributes:
                    - key: receiver
                      value:
                        stringValue: prometheus
                    - key: service.instance.id
                      value:
                        stringValue: dae83d4f-5546-4ffd-9568-357d1ef0db7d
                    - key: service.name
                      value:
                        stringValue: otelcol
                    - key: service.version
                      value:
                        stringValue: v0.120.0-13-ga4dd36d9f
                    - key: transport
                      value:
                        stringValue: http
                  startTimeUnixNano: "1000000"
                  timeUnixNano: "2000000"
              isMonotonic: true
          - description: The number of samples the target exposed
            gauge:
              dataPoints:
                - asDouble: 42
                  timeUnixNano: "1000000"
            metadata:
              - key: prometheus.type
                value:
                  stringValue: gauge
            name: scrape_samples_scraped
          - description: Bytes of allocated heap objects (see 'go doc runtime.MemStats.HeapAlloc') [alpha]
            gauge:
              dataPoints:
                - asDouble: 3.1325144e+07
                  attributes:
                    - key: service.instance.id
                      value:
                        stringValue: dae83d4f-5546-4ffd-9568-357d1ef0db7d
                    - key: service.name
                      value:
                        stringValue: otelcol
                    - key: service.version
                      value:
                        stringValue: v0.120.0-13-ga4dd36d9f
                  timeUnixNano: "1000000"
            metadata:
              - key: prometheus.type
                value:
                  stringValue: gauge
            name: otelcol_process_runtime_heap_alloc_bytes
          - description: Number of metric points successfully pushed into the pipeline. [alpha]
            metadata:
              - key: prometheus.type
                value:
                  stringValue: counter
            name: otelcol_receiver_accepted_metric_points
            sum:
              aggregationTemporality: 2
              dataPoints:
                - asDouble: 234
                  attributes:
                    - key: receiver
                      value:
                        stringValue: prometheus
                    - key: service.instance.id
                      value:
                        stringValue: dae83d4f-5546-4ffd-9568-357d1ef0db7d
                    - key: service.name
                      value:
                        stringValue: otelcol
                    - key: service.version
                      value:
                        stringValue: v0.120.0-13-ga4dd36d9f
                    - key: transport
                      value:
                        stringValue: http
                  startTimeUnixNano: "1000000"
                  timeUnixNano: "2000000"
              isMonotonic: true
          - description: The number of samples remaining after metric relabeling was applied
            gauge:
              dataPoints:
                - asDouble: 13
                  timeUnixNano: "1000000"
            metadata:
              - key: prometheus.type
                value:
                  stringValue: gauge
            name: scrape_samples_post_metric_relabeling
          - description: The approximate number of new series in this scrape
            gauge:
              dataPoints:
                - asDouble: 13
                  timeUnixNano: "1000000"
            metadata:
              - key: prometheus.type
                value:
                  stringValue: gauge
            name: scrape_series_added
        scope:
          name: github.com/open-telemetry/opentelemetry-collector-contrib/receiver/prometheusreceiver
          version: v0.120.0-13-ga4dd36d9f
