resourceMetrics:
  - resource: {}
    schemaUrl: https://opentelemetry.io/schemas/1.9.0
    scopeMetrics:
      - metrics:
          - description: Bytes of memory in use.
            name: system.memory.usage
            sum:
              aggregationTemporality: 2
              dataPoints:
                - asInt: "225095680"
                  attributes:
                    - key: state
                      value:
                        stringValue: buffered
                    - key: yaml-from-env
                      value:
                        stringValue: value-from-env
                  startTimeUnixNano: "1000000"
                  timeUnixNano: "2000000"
                - asInt: "4354945024"
                  attributes:
                    - key: state
                      value:
                        stringValue: cached
                    - key: yaml-from-env
                      value:
                        stringValue: value-from-env
                  startTimeUnixNano: "1000000"
                  timeUnixNano: "2000000"
                - asInt: "3161239552"
                  attributes:
                    - key: state
                      value:
                        stringValue: free
                    - key: yaml-from-env
                      value:
                        stringValue: value-from-env
                  startTimeUnixNano: "1000000"
                  timeUnixNano: "2000000"
                - asInt: "250576896"
                  attributes:
                    - key: state
                      value:
                        stringValue: slab_reclaimable
                    - key: yaml-from-env
                      value:
                        stringValue: value-from-env
                  startTimeUnixNano: "1000000"
                  timeUnixNano: "2000000"
                - asInt: "70791168"
                  attributes:
                    - key: state
                      value:
                        stringValue: slab_unreclaimable
                    - key: yaml-from-env
                      value:
                        stringValue: value-from-env
                  startTimeUnixNano: "1000000"
                  timeUnixNano: "2000000"
                - asInt: "4792176640"
                  attributes:
                    - key: state
                      value:
                        stringValue: used
                    - key: yaml-from-env
                      value:
                        stringValue: value-from-env
                  startTimeUnixNano: "1000000"
                  timeUnixNano: "2000000"
            unit: By
        scope:
          name: otelcol/hostmetricsreceiver/memory
          version: v0.97.0
