resourceMetrics:
  - resource:
      attributes:
        - key: node
          value:
            stringValue: 172.17.0.3:8983_solr
    scopeMetrics:
      - metrics:
          - gauge:
              dataPoints:
                - asInt: "0"
                  attributes:
                    - key: cluster
                      value:
                        stringValue: default
                    - key: collection
                      value:
                        stringValue: techproducts
                    - key: core
                      value:
                        stringValue: techproducts_shard1_replica_n1
                    - key: dsname
                      value:
                        stringValue: value
                    - key: leader
                      value:
                        stringValue: "true"
                    - key: plugin
                      value:
                        stringValue: solr
                    - key: plugin_instance
                      value:
                        stringValue: localhost:8983
                    - key: shard
                      value:
                        stringValue: shard1
                    - key: system.type
                      value:
                        stringValue: solr
                  timeUnixNano: "1000000"
            name: gauge.solr.core_deleted_docs
          - gauge:
              dataPoints:
                - asInt: "32"
                  attributes:
                    - key: cluster
                      value:
                        stringValue: default
                    - key: collection
                      value:
                        stringValue: techproducts
                    - key: core
                      value:
                        stringValue: techproducts_shard1_replica_n1
                    - key: dsname
                      value:
                        stringValue: value
                    - key: leader
                      value:
                        stringValue: "true"
                    - key: plugin
                      value:
                        stringValue: solr
                    - key: plugin_instance
                      value:
                        stringValue: localhost:8983
                    - key: shard
                      value:
                        stringValue: shard1
                    - key: system.type
                      value:
                        stringValue: solr
                  timeUnixNano: "1000000"
            name: gauge.solr.core_max_docs
          - gauge:
              dataPoints:
                - asInt: "32"
                  attributes:
                    - key: cluster
                      value:
                        stringValue: default
                    - key: collection
                      value:
                        stringValue: techproducts
                    - key: core
                      value:
                        stringValue: techproducts_shard1_replica_n1
                    - key: dsname
                      value:
                        stringValue: value
                    - key: leader
                      value:
                        stringValue: "true"
                    - key: plugin
                      value:
                        stringValue: solr
                    - key: plugin_instance
                      value:
                        stringValue: localhost:8983
                    - key: shard
                      value:
                        stringValue: shard1
                    - key: system.type
                      value:
                        stringValue: solr
                  timeUnixNano: "1000000"
            name: gauge.solr.core_num_docs
          - gauge:
              dataPoints:
                - asInt: "5"
                  attributes:
                    - key: cluster
                      value:
                        stringValue: default
                    - key: collection
                      value:
                        stringValue: techproducts
                    - key: core
                      value:
                        stringValue: techproducts_shard1_replica_n1
                    - key: dsname
                      value:
                        stringValue: value
                    - key: leader
                      value:
                        stringValue: "true"
                    - key: plugin
                      value:
                        stringValue: solr
                    - key: plugin_instance
                      value:
                        stringValue: localhost:8983
                    - key: shard
                      value:
                        stringValue: shard1
                    - key: system.type
                      value:
                        stringValue: solr
                  timeUnixNano: "1000000"
            name: gauge.solr.searcher_warmup
          - gauge:
              dataPoints:
                - asInt: "149281173504"
                  attributes:
                    - key: cluster
                      value:
                        stringValue: default
                    - key: collection
                      value:
                        stringValue: techproducts
                    - key: core
                      value:
                        stringValue: techproducts_shard1_replica_n1
                    - key: dsname
                      value:
                        stringValue: value
                    - key: leader
                      value:
                        stringValue: "true"
                    - key: plugin
                      value:
                        stringValue: solr
                    - key: plugin_instance
                      value:
                        stringValue: localhost:8983
                    - key: shard
                      value:
                        stringValue: shard1
                    - key: system.type
                      value:
                        stringValue: solr
                  timeUnixNano: "1000000"
            name: gauge.solr.core_totalspace
          - gauge:
              dataPoints:
                - asInt: "9464721408"
                  attributes:
                    - key: cluster
                      value:
                        stringValue: default
                    - key: collection
                      value:
                        stringValue: techproducts
                    - key: core
                      value:
                        stringValue: techproducts_shard1_replica_n1
                    - key: dsname
                      value:
                        stringValue: value
                    - key: leader
                      value:
                        stringValue: "true"
                    - key: plugin
                      value:
                        stringValue: solr
                    - key: plugin_instance
                      value:
                        stringValue: localhost:8983
                    - key: shard
                      value:
                        stringValue: shard1
                    - key: system.type
                      value:
                        stringValue: solr
                  timeUnixNano: "1000000"
            name: gauge.solr.core_usablespace
          - gauge:
              dataPoints:
                - asInt: "28388"
                  attributes:
                    - key: cluster
                      value:
                        stringValue: default
                    - key: collection
                      value:
                        stringValue: techproducts
                    - key: core
                      value:
                        stringValue: techproducts_shard1_replica_n1
                    - key: dsname
                      value:
                        stringValue: value
                    - key: leader
                      value:
                        stringValue: "true"
                    - key: plugin
                      value:
                        stringValue: solr
                    - key: plugin_instance
                      value:
                        stringValue: localhost:8983
                    - key: shard
                      value:
                        stringValue: shard1
                    - key: system.type
                      value:
                        stringValue: solr
                  timeUnixNano: "1000000"
            name: gauge.solr.core_index_size
          - gauge:
              dataPoints:
                - asInt: "1"
                  attributes:
                    - key: cluster
                      value:
                        stringValue: default
                    - key: collection
                      value:
                        stringValue: techproducts
                    - key: core
                      value:
                        stringValue: techproducts_shard1_replica_n1
                    - key: dsname
                      value:
                        stringValue: value
                    - key: leader
                      value:
                        stringValue: "true"
                    - key: plugin
                      value:
                        stringValue: solr
                    - key: plugin_instance
                      value:
                        stringValue: localhost:8983
                    - key: shard
                      value:
                        stringValue: shard1
                    - key: system.type
                      value:
                        stringValue: solr
                  timeUnixNano: "1000000"
            name: gauge.solr.document_cache_cumulative_hitratio
          - gauge:
              dataPoints:
                - asInt: "1"
                  attributes:
                    - key: cluster
                      value:
                        stringValue: default
                    - key: collection
                      value:
                        stringValue: techproducts
                    - key: core
                      value:
                        stringValue: techproducts_shard1_replica_n1
                    - key: dsname
                      value:
                        stringValue: value
                    - key: leader
                      value:
                        stringValue: "true"
                    - key: plugin
                      value:
                        stringValue: solr
                    - key: plugin_instance
                      value:
                        stringValue: localhost:8983
                    - key: shard
                      value:
                        stringValue: shard1
                    - key: system.type
                      value:
                        stringValue: solr
                  timeUnixNano: "1000000"
            name: gauge.solr.field_value_cache_cumulative_hitratio
          - gauge:
              dataPoints:
                - asInt: "0"
                  attributes:
                    - key: cluster
                      value:
                        stringValue: default
                    - key: collection
                      value:
                        stringValue: techproducts
                    - key: core
                      value:
                        stringValue: techproducts_shard1_replica_n1
                    - key: dsname
                      value:
                        stringValue: value
                    - key: leader
                      value:
                        stringValue: "true"
                    - key: plugin
                      value:
                        stringValue: solr
                    - key: plugin_instance
                      value:
                        stringValue: localhost:8983
                    - key: shard
                      value:
                        stringValue: shard1
                    - key: system.type
                      value:
                        stringValue: solr
                  timeUnixNano: "1000000"
            name: gauge.solr.query_result_cache_cumulative_hitratio
          - gauge:
              dataPoints:
                - asDouble: 40.119166
                  attributes:
                    - key: cluster
                      value:
                        stringValue: default
                    - key: collection
                      value:
                        stringValue: techproducts
                    - key: core
                      value:
                        stringValue: techproducts_shard1_replica_n1
                    - key: dsname
                      value:
                        stringValue: value
                    - key: leader
                      value:
                        stringValue: "true"
                    - key: plugin
                      value:
                        stringValue: solr
                    - key: plugin_instance
                      value:
                        stringValue: localhost:8983
                    - key: shard
                      value:
                        stringValue: shard1
                    - key: system.type
                      value:
                        stringValue: solr
                  timeUnixNano: "1000000"
            name: gauge.solr.search_query_response
          - name: counter.solr.search_query_requests
            sum:
              aggregationTemporality: 2
              dataPoints:
                - asInt: "1"
                  attributes:
                    - key: cluster
                      value:
                        stringValue: default
                    - key: collection
                      value:
                        stringValue: techproducts
                    - key: core
                      value:
                        stringValue: techproducts_shard1_replica_n1
                    - key: dsname
                      value:
                        stringValue: value
                    - key: leader
                      value:
                        stringValue: "true"
                    - key: plugin
                      value:
                        stringValue: solr
                    - key: plugin_instance
                      value:
                        stringValue: localhost:8983
                    - key: shard
                      value:
                        stringValue: shard1
                    - key: system.type
                      value:
                        stringValue: solr
                  timeUnixNano: "1000000"
              isMonotonic: true
          - gauge:
              dataPoints:
                - asInt: "0"
                  attributes:
                    - key: cluster
                      value:
                        stringValue: default
                    - key: collection
                      value:
                        stringValue: techproducts
                    - key: core
                      value:
                        stringValue: techproducts_shard1_replica_n1
                    - key: dsname
                      value:
                        stringValue: value
                    - key: leader
                      value:
                        stringValue: "true"
                    - key: plugin
                      value:
                        stringValue: solr
                    - key: plugin_instance
                      value:
                        stringValue: localhost:8983
                    - key: shard
                      value:
                        stringValue: shard1
                    - key: system.type
                      value:
                        stringValue: solr
                  timeUnixNano: "1000000"
            name: gauge.solr.replication_handler_response
          - name: counter.solr.replication_handler_requests
            sum:
              aggregationTemporality: 2
              dataPoints:
                - asInt: "0"
                  attributes:
                    - key: cluster
                      value:
                        stringValue: default
                    - key: collection
                      value:
                        stringValue: techproducts
                    - key: core
                      value:
                        stringValue: techproducts_shard1_replica_n1
                    - key: dsname
                      value:
                        stringValue: value
                    - key: leader
                      value:
                        stringValue: "true"
                    - key: plugin
                      value:
                        stringValue: solr
                    - key: plugin_instance
                      value:
                        stringValue: localhost:8983
                    - key: shard
                      value:
                        stringValue: shard1
                    - key: system.type
                      value:
                        stringValue: solr
                  timeUnixNano: "1000000"
              isMonotonic: true
          - gauge:
              dataPoints:
                - asDouble: 33.717840184617316
                  attributes:
                    - key: cluster
                      value:
                        stringValue: default
                    - key: collection
                      value:
                        stringValue: techproducts
                    - key: core
                      value:
                        stringValue: techproducts_shard1_replica_n1
                    - key: dsname
                      value:
                        stringValue: value
                    - key: leader
                      value:
                        stringValue: "true"
                    - key: plugin
                      value:
                        stringValue: solr
                    - key: plugin_instance
                      value:
                        stringValue: localhost:8983
                    - key: shard
                      value:
                        stringValue: shard1
                    - key: system.type
                      value:
                        stringValue: solr
                  timeUnixNano: "1000000"
            name: gauge.solr.update_request_handler_response
          - name: counter.solr.update_handler_requests
            sum:
              aggregationTemporality: 2
              dataPoints:
                - asInt: "15"
                  attributes:
                    - key: cluster
                      value:
                        stringValue: default
                    - key: collection
                      value:
                        stringValue: techproducts
                    - key: core
                      value:
                        stringValue: techproducts_shard1_replica_n1
                    - key: dsname
                      value:
                        stringValue: value
                    - key: leader
                      value:
                        stringValue: "true"
                    - key: plugin
                      value:
                        stringValue: solr
                    - key: plugin_instance
                      value:
                        stringValue: localhost:8983
                    - key: shard
                      value:
                        stringValue: shard1
                    - key: system.type
                      value:
                        stringValue: solr
                  timeUnixNano: "1000000"
              isMonotonic: true
        scope: {}
  - resource:
      attributes:
        - key: node
          value:
            stringValue: localhost:8983_solr
    scopeMetrics:
      - metrics:
          - name: counter.solr.node_collections_requests
            sum:
              aggregationTemporality: 2
              dataPoints:
                - asInt: "45"
                  attributes:
                    - key: cluster
                      value:
                        stringValue: default
                    - key: collection
                      value:
                        stringValue: techproducts
                    - key: core
                      value:
                        stringValue: techproducts_shard1_replica_n1
                    - key: dsname
                      value:
                        stringValue: value
                    - key: leader
                      value:
                        stringValue: "true"
                    - key: plugin
                      value:
                        stringValue: solr
                    - key: plugin_instance
                      value:
                        stringValue: localhost:8983
                    - key: shard
                      value:
                        stringValue: shard1
                    - key: system.type
                      value:
                        stringValue: solr
                  timeUnixNano: "1000000"
              isMonotonic: true
          - name: counter.solr.node_cores_requests
            sum:
              aggregationTemporality: 2
              dataPoints:
                - asInt: "1"
                  attributes:
                    - key: cluster
                      value:
                        stringValue: default
                    - key: collection
                      value:
                        stringValue: techproducts
                    - key: core
                      value:
                        stringValue: techproducts_shard1_replica_n1
                    - key: dsname
                      value:
                        stringValue: value
                    - key: leader
                      value:
                        stringValue: "true"
                    - key: plugin
                      value:
                        stringValue: solr
                    - key: plugin_instance
                      value:
                        stringValue: localhost:8983
                    - key: shard
                      value:
                        stringValue: shard1
                    - key: system.type
                      value:
                        stringValue: solr
                  timeUnixNano: "1000000"
              isMonotonic: true
          - name: counter.solr.node_zookeeper_requests
            sum:
              aggregationTemporality: 2
              dataPoints:
                - asInt: "0"
                  attributes:
                    - key: cluster
                      value:
                        stringValue: default
                    - key: collection
                      value:
                        stringValue: techproducts
                    - key: core
                      value:
                        stringValue: techproducts_shard1_replica_n1
                    - key: dsname
                      value:
                        stringValue: value
                    - key: leader
                      value:
                        stringValue: "true"
                    - key: plugin
                      value:
                        stringValue: solr
                    - key: plugin_instance
                      value:
                        stringValue: localhost:8983
                    - key: shard
                      value:
                        stringValue: shard1
                    - key: system.type
                      value:
                        stringValue: solr
                  timeUnixNano: "1000000"
              isMonotonic: true
          - name: counter.solr.node_metrics_requests
            sum:
              aggregationTemporality: 2
              dataPoints:
                - asInt: "20"
                  attributes:
                    - key: cluster
                      value:
                        stringValue: default
                    - key: collection
                      value:
                        stringValue: techproducts
                    - key: core
                      value:
                        stringValue: techproducts_shard1_replica_n1
                    - key: dsname
                      value:
                        stringValue: value
                    - key: leader
                      value:
                        stringValue: "true"
                    - key: plugin
                      value:
                        stringValue: solr
                    - key: plugin_instance
                      value:
                        stringValue: localhost:8983
                    - key: shard
                      value:
                        stringValue: shard1
                    - key: system.type
                      value:
                        stringValue: solr
                  timeUnixNano: "1000000"
              isMonotonic: true
          - name: counter.solr.http_2xx_responses
            sum:
              aggregationTemporality: 2
              dataPoints:
                - asInt: "83"
                  attributes:
                    - key: cluster
                      value:
                        stringValue: default
                    - key: collection
                      value:
                        stringValue: techproducts
                    - key: core
                      value:
                        stringValue: techproducts_shard1_replica_n1
                    - key: dsname
                      value:
                        stringValue: value
                    - key: leader
                      value:
                        stringValue: "true"
                    - key: plugin
                      value:
                        stringValue: solr
                    - key: plugin_instance
                      value:
                        stringValue: localhost:8983
                    - key: shard
                      value:
                        stringValue: shard1
                    - key: system.type
                      value:
                        stringValue: solr
                  timeUnixNano: "1000000"
              isMonotonic: true
          - name: counter.solr.http_4xx_responses
            sum:
              aggregationTemporality: 2
              dataPoints:
                - asInt: "0"
                  attributes:
                    - key: cluster
                      value:
                        stringValue: default
                    - key: collection
                      value:
                        stringValue: techproducts
                    - key: core
                      value:
                        stringValue: techproducts_shard1_replica_n1
                    - key: dsname
                      value:
                        stringValue: value
                    - key: leader
                      value:
                        stringValue: "true"
                    - key: plugin
                      value:
                        stringValue: solr
                    - key: plugin_instance
                      value:
                        stringValue: localhost:8983
                    - key: shard
                      value:
                        stringValue: shard1
                    - key: system.type
                      value:
                        stringValue: solr
                  timeUnixNano: "1000000"
              isMonotonic: true
          - name: counter.solr.http_5xx_responses
            sum:
              aggregationTemporality: 2
              dataPoints:
                - asInt: "0"
                  attributes:
                    - key: cluster
                      value:
                        stringValue: default
                    - key: collection
                      value:
                        stringValue: techproducts
                    - key: core
                      value:
                        stringValue: techproducts_shard1_replica_n1
                    - key: dsname
                      value:
                        stringValue: value
                    - key: leader
                      value:
                        stringValue: "true"
                    - key: plugin
                      value:
                        stringValue: solr
                    - key: plugin_instance
                      value:
                        stringValue: localhost:8983
                    - key: shard
                      value:
                        stringValue: shard1
                    - key: system.type
                      value:
                        stringValue: solr
                  timeUnixNano: "1000000"
              isMonotonic: true
          - name: counter.solr.http_requests
            sum:
              aggregationTemporality: 2
              dataPoints:
                - asInt: "83"
                  attributes:
                    - key: cluster
                      value:
                        stringValue: default
                    - key: collection
                      value:
                        stringValue: techproducts
                    - key: core
                      value:
                        stringValue: techproducts_shard1_replica_n1
                    - key: dsname
                      value:
                        stringValue: value
                    - key: leader
                      value:
                        stringValue: "true"
                    - key: plugin
                      value:
                        stringValue: solr
                    - key: plugin_instance
                      value:
                        stringValue: localhost:8983
                    - key: shard
                      value:
                        stringValue: shard1
                    - key: system.type
                      value:
                        stringValue: solr
                  timeUnixNano: "1000000"
              isMonotonic: true
          - gauge:
              dataPoints:
                - asDouble: 43.04387398328775
                  attributes:
                    - key: cluster
                      value:
                        stringValue: default
                    - key: collection
                      value:
                        stringValue: techproducts
                    - key: core
                      value:
                        stringValue: techproducts_shard1_replica_n1
                    - key: dsname
                      value:
                        stringValue: value
                    - key: leader
                      value:
                        stringValue: "true"
                    - key: plugin
                      value:
                        stringValue: solr
                    - key: plugin_instance
                      value:
                        stringValue: localhost:8983
                    - key: shard
                      value:
                        stringValue: shard1
                    - key: system.type
                      value:
                        stringValue: solr
                  timeUnixNano: "1000000"
            name: gauge.solr.jetty_request_latency
          - gauge:
              dataPoints:
                - asDouble: 0.29572057723999023
                  attributes:
                    - key: cluster
                      value:
                        stringValue: default
                    - key: collection
                      value:
                        stringValue: techproducts
                    - key: core
                      value:
                        stringValue: techproducts_shard1_replica_n1
                    - key: dsname
                      value:
                        stringValue: value
                    - key: leader
                      value:
                        stringValue: "true"
                    - key: plugin
                      value:
                        stringValue: solr
                    - key: plugin_instance
                      value:
                        stringValue: localhost:8983
                    - key: shard
                      value:
                        stringValue: shard1
                    - key: system.type
                      value:
                        stringValue: solr
                  timeUnixNano: "1000000"
            name: gauge.solr.jvm_heap_usage
          - gauge:
              dataPoints:
                - asInt: "-1"
                  attributes:
                    - key: cluster
                      value:
                        stringValue: default
                    - key: collection
                      value:
                        stringValue: techproducts
                    - key: core
                      value:
                        stringValue: techproducts_shard1_replica_n1
                    - key: dsname
                      value:
                        stringValue: value
                    - key: leader
                      value:
                        stringValue: "true"
                    - key: plugin
                      value:
                        stringValue: solr
                    - key: plugin_instance
                      value:
                        stringValue: localhost:8983
                    - key: shard
                      value:
                        stringValue: shard1
                    - key: system.type
                      value:
                        stringValue: solr
                  timeUnixNano: "1000000"
            name: gauge.solr.jvm_total_memory
          - gauge:
              dataPoints:
                - asInt: "256516984"
                  attributes:
                    - key: cluster
                      value:
                        stringValue: default
                    - key: collection
                      value:
                        stringValue: techproducts
                    - key: core
                      value:
                        stringValue: techproducts_shard1_replica_n1
                    - key: dsname
                      value:
                        stringValue: value
                    - key: leader
                      value:
                        stringValue: "true"
                    - key: plugin
                      value:
                        stringValue: solr
                    - key: plugin_instance
                      value:
                        stringValue: localhost:8983
                    - key: shard
                      value:
                        stringValue: shard1
                    - key: system.type
                      value:
                        stringValue: solr
                  timeUnixNano: "1000000"
            name: gauge.solr.jvm_total_memory_used
          - gauge:
              dataPoints:
                - asDouble: 0.9908465726163752
                  attributes:
                    - key: cluster
                      value:
                        stringValue: default
                    - key: collection
                      value:
                        stringValue: techproducts
                    - key: core
                      value:
                        stringValue: techproducts_shard1_replica_n1
                    - key: dsname
                      value:
                        stringValue: value
                    - key: leader
                      value:
                        stringValue: "true"
                    - key: plugin
                      value:
                        stringValue: solr
                    - key: plugin_instance
                      value:
                        stringValue: localhost:8983
                    - key: shard
                      value:
                        stringValue: shard1
                    - key: system.type
                      value:
                        stringValue: solr
                  timeUnixNano: "1000000"
            name: gauge.solr.jvm_memory_pools_Metaspace_usage
        scope: {}
